/Users/tedd/dev/mcuxpresso/r01lib_Arduino_SDK_layer_trial0/_r01lib_frdm_mcxa156/CMSIS/core_cm33.h:2390:22:__NVIC_EnableIRQ	16	static
../drivers/fsl_clock.h:679:20:CLOCK_EnableClock	32	static
../drivers/fsl_clock.h:717:20:CLOCK_DisableClock	32	static
../drivers/fsl_reset.h:240:20:RESET_ReleasePeripheralReset	16	static
../drivers/fsl_common_arm.h:586:24:EnableIRQ	24	static
../drivers/fsl_common_arm.h:804:24:DisableGlobalIRQ	16	static
../drivers/fsl_common_arm.h:830:20:EnableGlobalIRQ	24	static
../drivers/fsl_lpuart.h:370:20:LPUART_SoftwareReset	16	static
../drivers/fsl_lpuart.c:189:10:LPUART_GetInstance	24	static
../drivers/fsl_lpuart.c:213:8:LPUART_TransferGetRxRingBufferLength	32	static
../drivers/fsl_lpuart.c:234:13:LPUART_TransferIsRxRingBufferFull	24	static
../drivers/fsl_lpuart.c:251:13:LPUART_WriteNonBlocking	32	static
../drivers/fsl_lpuart.c:264:13:LPUART_WriteNonBlocking16bit	32	static
../drivers/fsl_lpuart.c:278:13:LPUART_ReadNonBlocking	40	static
../drivers/fsl_lpuart.c:308:13:LPUART_ReadNonBlocking16bit	32	static
../drivers/fsl_lpuart.c:345:10:LPUART_Init	56	static
../drivers/fsl_lpuart.c:573:6:LPUART_Deinit	24	static
../drivers/fsl_lpuart.c:637:6:LPUART_GetDefaultConfig	16	static
../drivers/fsl_lpuart.c:682:10:LPUART_SetBaudRate	56	static
../drivers/fsl_lpuart.c:782:6:LPUART_Enable9bitMode	24	static
../drivers/fsl_lpuart.c:816:6:LPUART_SendAddress	24	static
../drivers/fsl_lpuart.c:838:6:LPUART_EnableInterrupts	24	static
../drivers/fsl_lpuart.c:890:6:LPUART_DisableInterrupts	24	static
../drivers/fsl_lpuart.c:948:10:LPUART_GetEnabledInterrupts	24	static
../drivers/fsl_lpuart.c:986:10:LPUART_GetStatusFlags	24	static
../drivers/fsl_lpuart.c:1019:10:LPUART_ClearStatusFlags	24	static
../drivers/fsl_lpuart.c:1069:10:LPUART_WriteBlocking	32	static
../drivers/fsl_lpuart.c:1129:10:LPUART_WriteBlocking16bit	32	static
../drivers/fsl_lpuart.c:1194:10:LPUART_ReadBlocking	48	static
../drivers/fsl_lpuart.c:1325:10:LPUART_ReadBlocking16bit	40	static
../drivers/fsl_lpuart.c:1440:6:LPUART_TransferCreateHandle	40	static
../drivers/fsl_lpuart.c:1506:6:LPUART_TransferStartRingBuffer	32	static
../drivers/fsl_lpuart.c:1542:6:LPUART_TransferStopRingBuffer	24	static
../drivers/fsl_lpuart.c:1580:10:LPUART_TransferSendNonBlocking	32	static
../drivers/fsl_lpuart.c:1630:6:LPUART_TransferAbortSend	24	static
../drivers/fsl_lpuart.c:1655:10:LPUART_TransferGetSendCount	32	static
../drivers/fsl_lpuart.c:1713:10:LPUART_TransferReceiveNonBlocking	56	static
../drivers/fsl_lpuart.c:1874:6:LPUART_TransferAbortReceive	24	static
../drivers/fsl_lpuart.c:1905:10:LPUART_TransferGetReceiveCount	32	static
../drivers/fsl_lpuart.c:1925:13:LPUART_TransferHandleIDLEReady	32	static
../drivers/fsl_lpuart.c:1985:13:LPUART_TransferHandleReceiveDataFull	40	static
../drivers/fsl_lpuart.c:2120:13:LPUART_TransferHandleSendDataEmpty	24	static
../drivers/fsl_lpuart.c:2168:13:LPUART_TransferHandleTransmissionComplete	32	static
../drivers/fsl_lpuart.c:2196:6:LPUART_TransferHandleIRQ	40	static
../drivers/fsl_lpuart.c:2254:6:LPUART_TransferHandleErrorIRQ	16	static
../drivers/fsl_lpuart.c:2323:6:LPUART0_DriverIRQHandler	8	static
../drivers/fsl_lpuart.c:2349:6:LPUART1_DriverIRQHandler	8	static
../drivers/fsl_lpuart.c:2374:6:LPUART2_DriverIRQHandler	8	static
../drivers/fsl_lpuart.c:2398:6:LPUART3_DriverIRQHandler	8	static
../drivers/fsl_lpuart.c:2422:6:LPUART4_DriverIRQHandler	8	static
