/Applications/MCUXpressoIDE_25.6.136/ide/plugins/com.nxp.mcuxpresso.tools.macosx_25.6.0.202501151204/tools/arm-none-eabi/include/c++/14.2.1/bits/stl_tree.h:2104:5:std::pair<std::_Rb_tree_node_base*, std::_Rb_tree_node_base*> std::_Rb_tree<_Key, _Val, _KeyOfValue, _Compare, _Alloc>::_M_get_insert_unique_pos(const key_type&) [with _Key = int; _Val = std::pair<const int, DigitalInOut*>; _KeyOfValue = std::_Select1st<std::pair<const int, DigitalInOut*> >; _Compare = std::less<int>; _Alloc = std::allocator<std::pair<const int, DigitalInOut*> >]	24	static
/Applications/MCUXpressoIDE_25.6.136/ide/plugins/com.nxp.mcuxpresso.tools.macosx_25.6.0.202501151204/tools/arm-none-eabi/include/c++/14.2.1/bits/stl_tree.h:2454:7:) [with _Args = {const std::piecewise_construct_t&, std::tuple<const int&>, std::tuple<>}; _Key = int; _Val = std::pair<const int, DigitalInOut*>; _KeyOfValue = std::_Select1st<std::pair<const int, DigitalInOut*> >; _Compare = std::less<int>; _Alloc = std::allocator<std::pair<const int, DigitalInOut*> >]	40	static
/Applications/MCUXpressoIDE_25.6.136/ide/plugins/com.nxp.mcuxpresso.tools.macosx_25.6.0.202501151204/tools/arm-none-eabi/include/c++/14.2.1/bits/stl_tree.h:1926:5:void std::_Rb_tree<_Key, _Val, _KeyOfValue, _Compare, _Alloc>::_M_erase(_Link_type) [with _Key = int; _Val = std::pair<const int, DigitalInOut*>; _KeyOfValue = std::_Select1st<std::pair<const int, DigitalInOut*> >; _Compare = std::less<int>; _Alloc = std::allocator<std::pair<const int, DigitalInOut*> >]	48	static
/Applications/MCUXpressoIDE_25.6.136/ide/plugins/com.nxp.mcuxpresso.tools.macosx_25.6.0.202501151204/tools/arm-none-eabi/include/c++/14.2.1/bits/stl_map.h:314:7:std::map<_Key, _Tp, _Compare, _Alloc>::~map() [with _Key = int; _Tp = DigitalInOut*; _Compare = std::less<int>; _Alloc = std::allocator<std::pair<const int, DigitalInOut*> >]	16	static
../source/arduino_io.cpp:14:6:void pin_mode(int, int)	48	static
../source/arduino_io.cpp:27:6:void digitalWrite(int, bool)	32	static
../source/arduino_io.cpp:35:6:bool digitalRead(int)	32	static
../source/arduino_io.cpp:43:1:cpp)	4	static
