Archive member included to satisfy reference by file (symbol)

/Users/tedd/dev/mcuxpresso/__arduino_if/_r01lib_frdm_mcxa156/Debug/lib_r01lib_frdm_mcxa156.a(startup_mcxa156.o)
                              (ResetISR)
/Users/tedd/dev/mcuxpresso/__arduino_if/_r01lib_frdm_mcxa156/Debug/lib_r01lib_frdm_mcxa156.a(InterruptIn.o)
                              ./_r01lib_irq/irq.o (irq_handler)
/Users/tedd/dev/mcuxpresso/__arduino_if/_r01lib_frdm_mcxa156/Debug/lib_r01lib_frdm_mcxa156.a(io.o)
                              /Users/tedd/dev/mcuxpresso/__arduino_if/_r01lib_frdm_mcxa156/Debug/lib_r01lib_frdm_mcxa156.a(InterruptIn.o) (DigitalIn::~DigitalIn())
/Users/tedd/dev/mcuxpresso/__arduino_if/_r01lib_frdm_mcxa156/Debug/lib_r01lib_frdm_mcxa156.a(mcu.o)
                              ./source/arduino_if.o (wait(double))
/Users/tedd/dev/mcuxpresso/__arduino_if/_r01lib_frdm_mcxa156/Debug/lib_r01lib_frdm_mcxa156.a(obj.o)
                              /Users/tedd/dev/mcuxpresso/__arduino_if/_r01lib_frdm_mcxa156/Debug/lib_r01lib_frdm_mcxa156.a(io.o) (Obj::~Obj())
/Users/tedd/dev/mcuxpresso/__arduino_if/_r01lib_frdm_mcxa156/Debug/lib_r01lib_frdm_mcxa156.a(fsl_clock.o)
                              /Users/tedd/dev/mcuxpresso/__arduino_if/_r01lib_frdm_mcxa156/Debug/lib_r01lib_frdm_mcxa156.a(mcu.o) (CLOCK_AttachClk)
/Users/tedd/dev/mcuxpresso/__arduino_if/_r01lib_frdm_mcxa156/Debug/lib_r01lib_frdm_mcxa156.a(fsl_common_arm.o)
                              /Users/tedd/dev/mcuxpresso/__arduino_if/_r01lib_frdm_mcxa156/Debug/lib_r01lib_frdm_mcxa156.a(mcu.o) (SDK_DelayAtLeastUs)
/Users/tedd/dev/mcuxpresso/__arduino_if/_r01lib_frdm_mcxa156/Debug/lib_r01lib_frdm_mcxa156.a(fsl_gpio.o)
                              /Users/tedd/dev/mcuxpresso/__arduino_if/_r01lib_frdm_mcxa156/Debug/lib_r01lib_frdm_mcxa156.a(io.o) (GPIO_PinInit)
/Users/tedd/dev/mcuxpresso/__arduino_if/_r01lib_frdm_mcxa156/Debug/lib_r01lib_frdm_mcxa156.a(fsl_reset.o)
                              /Users/tedd/dev/mcuxpresso/__arduino_if/_r01lib_frdm_mcxa156/Debug/lib_r01lib_frdm_mcxa156.a(mcu.o) (RESET_SetPeripheralReset)
/Users/tedd/dev/mcuxpresso/__arduino_if/_r01lib_frdm_mcxa156/Debug/lib_r01lib_frdm_mcxa156.a(fsl_utick.o)
                              /Users/tedd/dev/mcuxpresso/__arduino_if/_r01lib_frdm_mcxa156/Debug/lib_r01lib_frdm_mcxa156.a(mcu.o) (UTICK_Init)
/Users/tedd/dev/mcuxpresso/__arduino_if/_r01lib_frdm_mcxa156/Debug/lib_r01lib_frdm_mcxa156.a(system_MCXA156.o)
                              /Users/tedd/dev/mcuxpresso/__arduino_if/_r01lib_frdm_mcxa156/Debug/lib_r01lib_frdm_mcxa156.a(startup_mcxa156.o) (SystemInit)
/Users/tedd/dev/mcuxpresso/__arduino_if/_r01lib_frdm_mcxa156/Debug/lib_r01lib_frdm_mcxa156.a(board.o)
                              /Users/tedd/dev/mcuxpresso/__arduino_if/_r01lib_frdm_mcxa156/Debug/lib_r01lib_frdm_mcxa156.a(mcu.o) (BOARD_InitDebugConsole)
/Users/tedd/dev/mcuxpresso/__arduino_if/_r01lib_frdm_mcxa156/Debug/lib_r01lib_frdm_mcxa156.a(clock_config.o)
                              /Users/tedd/dev/mcuxpresso/__arduino_if/_r01lib_frdm_mcxa156/Debug/lib_r01lib_frdm_mcxa156.a(mcu.o) (BOARD_InitBootClocks)
/Users/tedd/dev/mcuxpresso/__arduino_if/_r01lib_frdm_mcxa156/Debug/lib_r01lib_frdm_mcxa156.a(pin_mux.o)
                              /Users/tedd/dev/mcuxpresso/__arduino_if/_r01lib_frdm_mcxa156/Debug/lib_r01lib_frdm_mcxa156.a(mcu.o) (BOARD_InitPins)
/Users/tedd/dev/mcuxpresso/__arduino_if/_r01lib_frdm_mcxa156/Debug/lib_r01lib_frdm_mcxa156.a(fsl_assert.o)
                              /Users/tedd/dev/mcuxpresso/__arduino_if/_r01lib_frdm_mcxa156/Debug/lib_r01lib_frdm_mcxa156.a(InterruptIn.o) (__assert_func)
/Users/tedd/dev/mcuxpresso/__arduino_if/_r01lib_frdm_mcxa156/Debug/lib_r01lib_frdm_mcxa156.a(fsl_spc.o)
                              /Users/tedd/dev/mcuxpresso/__arduino_if/_r01lib_frdm_mcxa156/Debug/lib_r01lib_frdm_mcxa156.a(clock_config.o) (SPC_SetSRAMOperateVoltage)
/Applications/MCUXpressoIDE_25.6.136/ide/plugins/com.nxp.mcuxpresso.tools.macosx_25.6.0.202501151204/tools/bin/../lib/gcc/arm-none-eabi/14.2.1/thumb/v8-m.main+fp/hard/libgcc.a(_arm_muldf3.o)
                              /Users/tedd/dev/mcuxpresso/__arduino_if/_r01lib_frdm_mcxa156/Debug/lib_r01lib_frdm_mcxa156.a(mcu.o) (__aeabi_dmul)
/Applications/MCUXpressoIDE_25.6.136/ide/plugins/com.nxp.mcuxpresso.tools.macosx_25.6.0.202501151204/tools/bin/../lib/gcc/arm-none-eabi/14.2.1/thumb/v8-m.main+fp/hard/libgcc.a(_arm_addsubdf3.o)
                              /Users/tedd/dev/mcuxpresso/__arduino_if/_r01lib_frdm_mcxa156/Debug/lib_r01lib_frdm_mcxa156.a(mcu.o) (__aeabi_ui2d)
/Applications/MCUXpressoIDE_25.6.136/ide/plugins/com.nxp.mcuxpresso.tools.macosx_25.6.0.202501151204/tools/bin/../lib/gcc/arm-none-eabi/14.2.1/thumb/v8-m.main+fp/hard/libgcc.a(_arm_fixunsdfsi.o)
                              /Users/tedd/dev/mcuxpresso/__arduino_if/_r01lib_frdm_mcxa156/Debug/lib_r01lib_frdm_mcxa156.a(mcu.o) (__aeabi_d2uiz)
[...]
Memory Configuration

Name             Origin             Length             Attributes
PROGRAM_FLASH    0x00000000         0x00100000         xr
SRAM             0x20000000         0x0001e000         xrw
SRAMX            0x04000000         0x00003000         xrw
*default*        0x00000000         0xffffffff

Linker script and memory map

LOAD ./source/arduino_if.o
LOAD ./source/main.o
LOAD ./_r01lib_irq/irq.o
LOAD /Users/tedd/dev/mcuxpresso/__arduino_if/_r01lib_frdm_mcxa156/Debug/lib_r01lib_frdm_mcxa156.a
START GROUP
LOAD /Applications/MCUXpressoIDE_25.6.136/ide/plugins/com.nxp.mcuxpresso.tools.macosx_25.6.0.202501151204/tools/bin/../lib/gcc/arm-none-eabi/14.2.1/thumb/v8-m.main+fp/hard/libgcc.a
LOAD /Applications/MCUXpressoIDE_25.6.136/ide/plugins/com.nxp.mcuxpresso.tools.macosx_25.6.0.202501151204/tools/bin/../lib/gcc/arm-none-eabi/14.2.1/../../../../arm-none-eabi/lib/thumb/v8-m.main+fp/hard/libc_nano.a
LOAD /Applications/MCUXpressoIDE_25.6.136/ide/plugins/com.nxp.mcuxpresso.tools.macosx_25.6.0.202501151204/tools/bin/../lib/gcc/arm-none-eabi/14.2.1/../../../../arm-none-eabi/lib/thumb/v8-m.main+fp/hard/libstdc++_nano.a
LOAD /Applications/MCUXpressoIDE_25.6.136/ide/plugins/com.nxp.mcuxpresso.tools.macosx_25.6.0.202501151204/tools/bin/../lib/gcc/arm-none-eabi/14.2.1/../../../../arm-none-eabi/lib/thumb/v8-m.main+fp/hard/libm.a
LOAD /Applications/MCUXpressoIDE_25.6.136/ide/plugins/com.nxp.mcuxpresso.tools.macosx_25.6.0.202501151204/tools/bin/../lib/gcc/arm-none-eabi/14.2.1/../../../../arm-none-eabi/lib/thumb/v8-m.main+fp/hard/libcr_newlib_semihost.a
LOAD /Applications/MCUXpressoIDE_25.6.136/ide/plugins/com.nxp.mcuxpresso.tools.macosx_25.6.0.202501151204/tools/bin/../lib/gcc/arm-none-eabi/14.2.1/thumb/v8-m.main+fp/hard/crti.o
LOAD /Applications/MCUXpressoIDE_25.6.136/ide/plugins/com.nxp.mcuxpresso.tools.macosx_25.6.0.202501151204/tools/bin/../lib/gcc/arm-none-eabi/14.2.1/thumb/v8-m.main+fp/hard/crtn.o
LOAD /Applications/MCUXpressoIDE_25.6.136/ide/plugins/com.nxp.mcuxpresso.tools.macosx_25.6.0.202501151204/tools/bin/../lib/gcc/arm-none-eabi/14.2.1/thumb/v8-m.main+fp/hard/crtbegin.o
LOAD /Applications/MCUXpressoIDE_25.6.136/ide/plugins/com.nxp.mcuxpresso.tools.macosx_25.6.0.202501151204/tools/bin/../lib/gcc/arm-none-eabi/14.2.1/thumb/v8-m.main+fp/hard/crtend.o
END GROUP
                0x00000000                        __base_PROGRAM_FLASH = 0x0
                0x00000000                        __base_Flash = 0x0
                0x00100000                        __top_PROGRAM_FLASH = 0x100000
                0x00100000                        __top_Flash = 0x100000
                0x20000000                        __base_SRAM = 0x20000000
                0x20000000                        __base_RAM = 0x20000000
                0x2001e000                        __top_SRAM = 0x2001e000
                0x2001e000                        __top_RAM = 0x2001e000
                0x04000000                        __base_SRAMX = 0x4000000
                0x04000000                        __base_RAM2 = 0x4000000
                0x04003000                        __top_SRAMX = 0x4003000
                0x04003000                        __top_RAM2 = 0x4003000

.text           0x00000000     0x8a50
 FILL mask 0xff
                0x00000000                        __vectors_start__ = ABSOLUTE (.)
 *(SORT_BY_ALIGNMENT(.isr_vector))
 .isr_vector    0x00000000      0x1a4 /Users/tedd/dev/mcuxpresso/__arduino_if/_r01lib_frdm_mcxa156/Debug/lib_r01lib_frdm_mcxa156.a(startup_mcxa156.o)
                0x00000000                __Vectors
                0x00000000                g_pfnVectors
                0x000001a4                        . = ALIGN (0x4)
                0x000001a4                        __section_table_start = .
                0x000001a4                        __data_section_table = .
                0x000001a4        0x4 LONG 0x8a58 LOADADDR (.data)
                0x000001a8        0x4 LONG 0x20000000 ADDR (.data)
                0x000001ac        0x4 LONG 0x1fc SIZEOF (.data)
                0x000001b0        0x4 LONG 0x8a58 LOADADDR (.data_RAM2)
                0x000001b4        0x4 LONG 0x4000000 ADDR (.data_RAM2)
                0x000001b8        0x4 LONG 0x0 SIZEOF (.data_RAM2)
                0x000001bc                        __data_section_table_end = .
                0x000001bc                        __bss_section_table = .
                0x000001bc        0x4 LONG 0x200001fc ADDR (.bss)
                0x000001c0        0x4 LONG 0x3c8 SIZEOF (.bss)
                0x000001c4        0x4 LONG 0x4000000 ADDR (.bss_RAM2)
                0x000001c8        0x4 LONG 0x0 SIZEOF (.bss_RAM2)
                0x000001cc                        __bss_section_table_end = .
                0x000001cc                        __section_table_end = .
 *(SORT_BY_ALIGNMENT(.after_vectors*))
 .after_vectors
                0x000001cc       0x2c /Users/tedd/dev/mcuxpresso/__arduino_if/_r01lib_frdm_mcxa156/Debug/lib_r01lib_frdm_mcxa156.a(startup_mcxa156.o)
                0x000001cc                NMI_Handler
                0x000001d0                HardFault_Handler
                0x000001d4                MemManage_Handler
                0x000001d8                BusFault_Handler
                0x000001dc                UsageFault_Handler
                0x000001e0                SecureFault_Handler
                0x000001e4                SVC_Handler
                0x000001e8                DebugMon_Handler
                0x000001ec                PendSV_Handler
                0x000001f0                SysTick_Handler
                0x000001f4                FLEXPWM0_SUBMODULE1_DriverIRQHandler
                0x000001f4                LPI2C0_DriverIRQHandler
                0x000001f4                Reserved100_DriverIRQHandler
                0x000001f4                FLEXPWM0_RELOAD_ERROR_DriverIRQHandler
                0x000001f4                QDC0_HOME_DriverIRQHandler
                0x000001f4                Reserved82_DriverIRQHandler
                0x000001f4                DMA_CH5_DriverIRQHandler
                0x000001f4                DMA_CH6_DriverIRQHandler
                0x000001f4                LPI2C3_DriverIRQHandler
                0x000001f4                QDC0_WATCHDOG_DriverIRQHandler
                0x000001f4                ERM0_MULTI_BIT_DriverIRQHandler
                0x000001f4                Reserved36_DriverIRQHandler
                0x000001f4                CTIMER2_DriverIRQHandler
                0x000001f4                CMP1_DriverIRQHandler
                0x000001f4                IntDefaultHandler
                0x000001f4                USB0_DriverIRQHandler
                0x000001f4                QDC0_INDEX_DriverIRQHandler
                0x000001f4                QDC1_WATCHDOG_DriverIRQHandler
                0x000001f4                FLEXIO_DriverIRQHandler
                0x000001f4                DAC0_DriverIRQHandler
                0x000001f4                Reserved41_DriverIRQHandler
                0x000001f4                FLEXPWM0_SUBMODULE2_DriverIRQHandler
                0x000001f4                LPUART2_DriverIRQHandler
                0x000001f4                WWDT0_DriverIRQHandler
                0x000001f4                Reserved84_DriverIRQHandler
                0x000001f4                DMA_CH7_DriverIRQHandler
                0x000001f4                CTIMER4_DriverIRQHandler
                0x000001f4                FLEXPWM0_FAULT_DriverIRQHandler
                0x000001f4                DMA_CH4_DriverIRQHandler
                0x000001f4                GPIO0_DriverIRQHandler
                0x000001f4                Reserved38_DriverIRQHandler
                0x000001f4                FREQME0_DriverIRQHandler
                0x000001f4                Reserved53_DriverIRQHandler
                0x000001f4                FLEXPWM1_FAULT_DriverIRQHandler
                0x000001f4                CTIMER0_DriverIRQHandler
                0x000001f4                CTIMER1_DriverIRQHandler
                0x000001f4                QDC0_COMPARE_DriverIRQHandler
                0x000001f4                LPUART1_DriverIRQHandler
                0x000001f4                ADC1_DriverIRQHandler
                0x000001f4                QDC1_INDEX_DriverIRQHandler
                0x000001f4                Reserved92_DriverIRQHandler
                0x000001f4                CTIMER3_DriverIRQHandler
                0x000001f4                FLEXPWM1_SUBMODULE0_DriverIRQHandler
                0x000001f4                LPUART4_DriverIRQHandler
                0x000001f4                LPSPI0_DriverIRQHandler
                0x000001f4                DMA_CH3_DriverIRQHandler
                0x000001f4                Reserved72_DriverIRQHandler
                0x000001f4                VBAT0_DriverIRQHandler
                0x000001f4                Reserved65_DriverIRQHandler
                0x000001f4                ERM0_SINGLE_BIT_DriverIRQHandler
                0x000001f4                DMA_CH2_DriverIRQHandler
                0x000001f4                FLEXPWM1_RELOAD_ERROR_DriverIRQHandler
                0x000001f4                LPI2C1_DriverIRQHandler
                0x000001f4                FMU0_DriverIRQHandler
                0x000001f4                QDC1_COMPARE_DriverIRQHandler
                0x000001f4                LPSPI1_DriverIRQHandler
                0x000001f4                Reserved77_DriverIRQHandler
                0x000001f4                FLEXPWM1_SUBMODULE2_DriverIRQHandler
                0x000001f4                Reserved16_DriverIRQHandler
                0x000001f4                LPUART0_DriverIRQHandler
                0x000001f4                GPIO2_DriverIRQHandler
                0x000001f4                Reserved85_DriverIRQHandler
                0x000001f4                ADC0_DriverIRQHandler
                0x000001f4                CMP0_DriverIRQHandler
                0x000001f4                CDOG0_DriverIRQHandler
                0x000001f4                CAN0_DriverIRQHandler
                0x000001f4                DMA_CH0_DriverIRQHandler
                0x000001f4                DMA_CH1_DriverIRQHandler
                0x000001f4                SPC0_DriverIRQHandler
                0x000001f4                Reserved46_DriverIRQHandler
                0x000001f4                Reserved37_DriverIRQHandler
                0x000001f4                LPI2C2_DriverIRQHandler
                0x000001f4                Reserved86_DriverIRQHandler
                0x000001f4                GPIO1_DriverIRQHandler
                0x000001f4                FLEXPWM0_SUBMODULE0_DriverIRQHandler
                0x000001f4                OS_EVENT_DriverIRQHandler
                0x000001f4                SCG0_DriverIRQHandler
                0x000001f4                LPUART3_DriverIRQHandler
                0x000001f4                GLIKEY0_DriverIRQHandler
                0x000001f4                GPIO3_DriverIRQHandler
                0x000001f4                CMC_DriverIRQHandler
                0x000001f4                GPIO4_DriverIRQHandler
                0x000001f4                WUU0_DriverIRQHandler
                0x000001f4                I3C0_DriverIRQHandler
                0x000001f4                QDC1_HOME_DriverIRQHandler
                0x000001f4                WAKETIMER0_DriverIRQHandler
                0x000001f4                MBC0_DriverIRQHandler
                0x000001f4                LPTMR0_DriverIRQHandler
                0x000001f4                FLEXPWM1_SUBMODULE1_DriverIRQHandler
 .after_vectors.init_data
                0x000001f8       0x20 /Users/tedd/dev/mcuxpresso/__arduino_if/_r01lib_frdm_mcxa156/Debug/lib_r01lib_frdm_mcxa156.a(startup_mcxa156.o)
                0x000001f8                data_init(unsigned int, unsigned int, unsigned int)
 .after_vectors.init_bss
                0x00000218       0x14 /Users/tedd/dev/mcuxpresso/__arduino_if/_r01lib_frdm_mcxa156/Debug/lib_r01lib_frdm_mcxa156.a(startup_mcxa156.o)
                0x00000218                bss_init(unsigned int, unsigned int)
 .after_vectors.reset
                0x0000022c       0x70 /Users/tedd/dev/mcuxpresso/__arduino_if/_r01lib_frdm_mcxa156/Debug/lib_r01lib_frdm_mcxa156.a(startup_mcxa156.o)
                0x0000022c                ResetISR
 *(SORT_BY_ALIGNMENT(.text*))
 *fill*         0x0000029c        0x4 ff
 .text._Z4waitd
                0x000002a0       0x30 /Users/tedd/dev/mcuxpresso/__arduino_if/_r01lib_frdm_mcxa156/Debug/lib_r01lib_frdm_mcxa156.a(mcu.o)
                0x000002a0                wait(double)
 .text._strtod_l
                0x000002d0      0xbb8 /Applications/MCUXpressoIDE_25.6.136/ide/plugins/com.nxp.mcuxpresso.tools.macosx_25.6.0.202501151204/tools/bin/../lib/gcc/arm-none-eabi/14.2.1/../../../../arm-none-eabi/lib/thumb/v8-m.main+fp/hard/libc_nano.a(libc_a-strtod.o)
                0x000002d0                _strtod_l
 .text.nan      0x00000e88       0x10 /Applications/MCUXpressoIDE_25.6.136/ide/plugins/com.nxp.mcuxpresso.tools.macosx_25.6.0.202501151204/tools/bin/../lib/gcc/arm-none-eabi/14.2.1/../../../../arm-none-eabi/lib/thumb/v8-m.main+fp/hard/libc_nano.a(libm_a-s_nan.o)
                0x00000e88                nan
 .text._dtoa_r  0x00000e98      0xbc0 /Applications/MCUXpressoIDE_25.6.136/ide/plugins/com.nxp.mcuxpresso.tools.macosx_25.6.0.202501151204/tools/bin/../lib/gcc/arm-none-eabi/14.2.1/../../../../arm-none-eabi/lib/thumb/v8-m.main+fp/hard/libc_nano.a(libc_a-dtoa.o)
                0x00000e98                _dtoa_r
 .text._ZNSt8_Rb_treeIiSt4pairIKiP12DigitalInOutESt10_Select1stIS4_ESt4lessIiESaIS4_EE24_M_get_insert_unique_posERS1_.isra.0
                0x00001a58       0x64 ./source/arduino_if.o
 .text._ZNSt8_Rb_treeIiSt4pairIKiP12DigitalInOutESt10_Select1stIS4_ESt4lessIiESaIS4_EE22_M_emplace_hint_uniqueIJRKSt21piecewise_construct_tSt5tupleIJRS1_EESF_IJEEEEESt17_Rb_tree_iteratorIS4_ESt23_Rb_tree_const_iteratorIS4_EDpOT_.isra.0
                0x00001abc       0xd0 ./source/arduino_if.o
 .text._ZNSt8_Rb_treeIiSt4pairIKiP12DigitalInOutESt10_Select1stIS4_ESt4lessIiESaIS4_EE8_M_eraseEPSt13_Rb_tree_nodeIS4_E.isra.0
                0x00001b8c       0xf0 ./source/arduino_if.o
 .text._ZNSt3mapIiP12DigitalInOutSt4lessIiESaISt4pairIKiS1_EEED2Ev
                0x00001c7c       0x20 ./source/arduino_if.o
                0x00001c7c                std::map<int, DigitalInOut*, std::less<int>, std::allocator<std::pair<int const, DigitalInOut*> > >::~map()
                0x00001c7c                std::map<int, DigitalInOut*, std::less<int>, std::allocator<std::pair<int const, DigitalInOut*> > >::~map()
 .text._ZN11SerialClass5beginEi
                0x00001c9c        0x4 ./source/arduino_if.o
                0x00001c9c                SerialClass::begin(int)
 .text._ZN11SerialClass7printlnEPKc
                0x00001ca0       0x1c ./source/arduino_if.o
                0x00001ca0                SerialClass::println(char const*)
 .text._Z8pin_modeii
                0x00001cbc       0x94 ./source/arduino_if.o
                0x00001cbc                pin_mode(int, int)
 .text._Z12digitalWriteib
                0x00001d50       0x7c ./source/arduino_if.o
                0x00001d50                digitalWrite(int, bool)
 .text._Z5delaym
                0x00001dcc       0x2c ./source/arduino_if.o
                0x00001dcc                delay(unsigned long)
 .text.startup.main
                0x00001df8        0xc ./source/arduino_if.o
                0x00001df8                main
 .text.startup._GLOBAL__sub_I__ZN11SerialClass5beginEi
                0x00001e04       0x2c ./source/arduino_if.o
 .text._Z5setupv
                0x00001e30       0x1c ./source/main.o
                0x00001e30                setup()
 .text._Z4loopv
                0x00001e4c       0x38 ./source/main.o
                0x00001e4c                loop()
 .text.Reserved16_IRQHandler
                0x00001e84        0x8 /Users/tedd/dev/mcuxpresso/__arduino_if/_r01lib_frdm_mcxa156/Debug/lib_r01lib_frdm_mcxa156.a(startup_mcxa156.o)
                0x00001e84                Reserved16_IRQHandler
 .text.CMC_IRQHandler
                0x00001e8c        0x8 /Users/tedd/dev/mcuxpresso/__arduino_if/_r01lib_frdm_mcxa156/Debug/lib_r01lib_frdm_mcxa156.a(startup_mcxa156.o)
                0x00001e8c                CMC_IRQHandler
 .text.DMA_CH0_IRQHandler
                0x00001e94        0x8 /Users/tedd/dev/mcuxpresso/__arduino_if/_r01lib_frdm_mcxa156/Debug/lib_r01lib_frdm_mcxa156.a(startup_mcxa156.o)
                0x00001e94                DMA_CH0_IRQHandler
 .text.DMA_CH1_IRQHandler
                0x00001e9c        0x8 /Users/tedd/dev/mcuxpresso/__arduino_if/_r01lib_frdm_mcxa156/Debug/lib_r01lib_frdm_mcxa156.a(startup_mcxa156.o)
                0x00001e9c                DMA_CH1_IRQHandler
 .text.DMA_CH2_IRQHandler
                0x00001ea4        0x8 /Users/tedd/dev/mcuxpresso/__arduino_if/_r01lib_frdm_mcxa156/Debug/lib_r01lib_frdm_mcxa156.a(startup_mcxa156.o)
                0x00001ea4                DMA_CH2_IRQHandler
 .text.DMA_CH3_IRQHandler
                0x00001eac        0x8 /Users/tedd/dev/mcuxpresso/__arduino_if/_r01lib_frdm_mcxa156/Debug/lib_r01lib_frdm_mcxa156.a(startup_mcxa156.o)
                0x00001eac                DMA_CH3_IRQHandler
 .text.DMA_CH4_IRQHandler
                0x00001eb4        0x8 /Users/tedd/dev/mcuxpresso/__arduino_if/_r01lib_frdm_mcxa156/Debug/lib_r01lib_frdm_mcxa156.a(startup_mcxa156.o)
                0x00001eb4                DMA_CH4_IRQHandler
 .text.DMA_CH5_IRQHandler
                0x00001ebc        0x8 /Users/tedd/dev/mcuxpresso/__arduino_if/_r01lib_frdm_mcxa156/Debug/lib_r01lib_frdm_mcxa156.a(startup_mcxa156.o)
                0x00001ebc                DMA_CH5_IRQHandler
 .text.DMA_CH6_IRQHandler
                0x00001ec4        0x8 /Users/tedd/dev/mcuxpresso/__arduino_if/_r01lib_frdm_mcxa156/Debug/lib_r01lib_frdm_mcxa156.a(startup_mcxa156.o)
                0x00001ec4                DMA_CH6_IRQHandler
 .text.DMA_CH7_IRQHandler
                0x00001ecc        0x8 /Users/tedd/dev/mcuxpresso/__arduino_if/_r01lib_frdm_mcxa156/Debug/lib_r01lib_frdm_mcxa156.a(startup_mcxa156.o)
                0x00001ecc                DMA_CH7_IRQHandler
 .text.ERM0_SINGLE_BIT_IRQHandler
                0x00001ed4        0x8 /Users/tedd/dev/mcuxpresso/__arduino_if/_r01lib_frdm_mcxa156/Debug/lib_r01lib_frdm_mcxa156.a(startup_mcxa156.o)
                0x00001ed4                ERM0_SINGLE_BIT_IRQHandler
 .text.ERM0_MULTI_BIT_IRQHandler
                0x00001edc        0x8 /Users/tedd/dev/mcuxpresso/__arduino_if/_r01lib_frdm_mcxa156/Debug/lib_r01lib_frdm_mcxa156.a(startup_mcxa156.o)
                0x00001edc                ERM0_MULTI_BIT_IRQHandler
 .text.FMU0_IRQHandler
                0x00001ee4        0x8 /Users/tedd/dev/mcuxpresso/__arduino_if/_r01lib_frdm_mcxa156/Debug/lib_r01lib_frdm_mcxa156.a(startup_mcxa156.o)
                0x00001ee4                FMU0_IRQHandler
 .text.GLIKEY0_IRQHandler
                0x00001eec        0x8 /Users/tedd/dev/mcuxpresso/__arduino_if/_r01lib_frdm_mcxa156/Debug/lib_r01lib_frdm_mcxa156.a(startup_mcxa156.o)
                0x00001eec                GLIKEY0_IRQHandler
 .text.MBC0_IRQHandler
                0x00001ef4        0x8 /Users/tedd/dev/mcuxpresso/__arduino_if/_r01lib_frdm_mcxa156/Debug/lib_r01lib_frdm_mcxa156.a(startup_mcxa156.o)
                0x00001ef4                MBC0_IRQHandler
 .text.SCG0_IRQHandler
                0x00001efc        0x8 /Users/tedd/dev/mcuxpresso/__arduino_if/_r01lib_frdm_mcxa156/Debug/lib_r01lib_frdm_mcxa156.a(startup_mcxa156.o)
                0x00001efc                SCG0_IRQHandler
 .text.SPC0_IRQHandler
                0x00001f04        0x8 /Users/tedd/dev/mcuxpresso/__arduino_if/_r01lib_frdm_mcxa156/Debug/lib_r01lib_frdm_mcxa156.a(startup_mcxa156.o)
                0x00001f04                SPC0_IRQHandler
 .text.VBAT0_IRQHandler
                0x00001f0c        0x8 /Users/tedd/dev/mcuxpresso/__arduino_if/_r01lib_frdm_mcxa156/Debug/lib_r01lib_frdm_mcxa156.a(startup_mcxa156.o)
                0x00001f0c                VBAT0_IRQHandler
 .text.WUU0_IRQHandler
                0x00001f14        0x8 /Users/tedd/dev/mcuxpresso/__arduino_if/_r01lib_frdm_mcxa156/Debug/lib_r01lib_frdm_mcxa156.a(startup_mcxa156.o)
                0x00001f14                WUU0_IRQHandler
 .text.CAN0_IRQHandler
                0x00001f1c        0x8 /Users/tedd/dev/mcuxpresso/__arduino_if/_r01lib_frdm_mcxa156/Debug/lib_r01lib_frdm_mcxa156.a(startup_mcxa156.o)
                0x00001f1c                CAN0_IRQHandler
 .text.Reserved36_IRQHandler
                0x00001f24        0x8 /Users/tedd/dev/mcuxpresso/__arduino_if/_r01lib_frdm_mcxa156/Debug/lib_r01lib_frdm_mcxa156.a(startup_mcxa156.o)
                0x00001f24                Reserved36_IRQHandler
 .text.Reserved37_IRQHandler
                0x00001f2c        0x8 /Users/tedd/dev/mcuxpresso/__arduino_if/_r01lib_frdm_mcxa156/Debug/lib_r01lib_frdm_mcxa156.a(startup_mcxa156.o)
                0x00001f2c                Reserved37_IRQHandler
 .text.Reserved38_IRQHandler
                0x00001f34        0x8 /Users/tedd/dev/mcuxpresso/__arduino_if/_r01lib_frdm_mcxa156/Debug/lib_r01lib_frdm_mcxa156.a(startup_mcxa156.o)
                0x00001f34                Reserved38_IRQHandler
 .text.FLEXIO_IRQHandler
                0x00001f3c        0x8 /Users/tedd/dev/mcuxpresso/__arduino_if/_r01lib_frdm_mcxa156/Debug/lib_r01lib_frdm_mcxa156.a(startup_mcxa156.o)
                0x00001f3c                FLEXIO_IRQHandler
 .text.I3C0_IRQHandler
                0x00001f44        0x8 /Users/tedd/dev/mcuxpresso/__arduino_if/_r01lib_frdm_mcxa156/Debug/lib_r01lib_frdm_mcxa156.a(startup_mcxa156.o)
                0x00001f44                I3C0_IRQHandler
 .text.Reserved41_IRQHandler
                0x00001f4c        0x8 /Users/tedd/dev/mcuxpresso/__arduino_if/_r01lib_frdm_mcxa156/Debug/lib_r01lib_frdm_mcxa156.a(startup_mcxa156.o)
                0x00001f4c                Reserved41_IRQHandler
 .text.LPI2C0_IRQHandler
                0x00001f54        0x8 /Users/tedd/dev/mcuxpresso/__arduino_if/_r01lib_frdm_mcxa156/Debug/lib_r01lib_frdm_mcxa156.a(startup_mcxa156.o)
                0x00001f54                LPI2C0_IRQHandler
 .text.LPI2C1_IRQHandler
                0x00001f5c        0x8 /Users/tedd/dev/mcuxpresso/__arduino_if/_r01lib_frdm_mcxa156/Debug/lib_r01lib_frdm_mcxa156.a(startup_mcxa156.o)
                0x00001f5c                LPI2C1_IRQHandler
 .text.LPSPI0_IRQHandler
                0x00001f64        0x8 /Users/tedd/dev/mcuxpresso/__arduino_if/_r01lib_frdm_mcxa156/Debug/lib_r01lib_frdm_mcxa156.a(startup_mcxa156.o)
                0x00001f64                LPSPI0_IRQHandler
 .text.LPSPI1_IRQHandler
                0x00001f6c        0x8 /Users/tedd/dev/mcuxpresso/__arduino_if/_r01lib_frdm_mcxa156/Debug/lib_r01lib_frdm_mcxa156.a(startup_mcxa156.o)
                0x00001f6c                LPSPI1_IRQHandler
 .text.Reserved46_IRQHandler
                0x00001f74        0x8 /Users/tedd/dev/mcuxpresso/__arduino_if/_r01lib_frdm_mcxa156/Debug/lib_r01lib_frdm_mcxa156.a(startup_mcxa156.o)
                0x00001f74                Reserved46_IRQHandler
 .text.LPUART0_IRQHandler
                0x00001f7c        0x8 /Users/tedd/dev/mcuxpresso/__arduino_if/_r01lib_frdm_mcxa156/Debug/lib_r01lib_frdm_mcxa156.a(startup_mcxa156.o)
                0x00001f7c                LPUART0_IRQHandler
 .text.LPUART1_IRQHandler
                0x00001f84        0x8 /Users/tedd/dev/mcuxpresso/__arduino_if/_r01lib_frdm_mcxa156/Debug/lib_r01lib_frdm_mcxa156.a(startup_mcxa156.o)
                0x00001f84                LPUART1_IRQHandler
 .text.LPUART2_IRQHandler
                0x00001f8c        0x8 /Users/tedd/dev/mcuxpresso/__arduino_if/_r01lib_frdm_mcxa156/Debug/lib_r01lib_frdm_mcxa156.a(startup_mcxa156.o)
                0x00001f8c                LPUART2_IRQHandler
 .text.LPUART3_IRQHandler
                0x00001f94        0x8 /Users/tedd/dev/mcuxpresso/__arduino_if/_r01lib_frdm_mcxa156/Debug/lib_r01lib_frdm_mcxa156.a(startup_mcxa156.o)
                0x00001f94                LPUART3_IRQHandler
 .text.LPUART4_IRQHandler
                0x00001f9c        0x8 /Users/tedd/dev/mcuxpresso/__arduino_if/_r01lib_frdm_mcxa156/Debug/lib_r01lib_frdm_mcxa156.a(startup_mcxa156.o)
                0x00001f9c                LPUART4_IRQHandler
 .text.USB0_IRQHandler
                0x00001fa4        0x8 /Users/tedd/dev/mcuxpresso/__arduino_if/_r01lib_frdm_mcxa156/Debug/lib_r01lib_frdm_mcxa156.a(startup_mcxa156.o)
                0x00001fa4                USB0_IRQHandler
 .text.Reserved53_IRQHandler
                0x00001fac        0x8 /Users/tedd/dev/mcuxpresso/__arduino_if/_r01lib_frdm_mcxa156/Debug/lib_r01lib_frdm_mcxa156.a(startup_mcxa156.o)
                0x00001fac                Reserved53_IRQHandler
 .text.CDOG0_IRQHandler
                0x00001fb4        0x8 /Users/tedd/dev/mcuxpresso/__arduino_if/_r01lib_frdm_mcxa156/Debug/lib_r01lib_frdm_mcxa156.a(startup_mcxa156.o)
                0x00001fb4                CDOG0_IRQHandler
 .text.CTIMER0_IRQHandler
                0x00001fbc        0x8 /Users/tedd/dev/mcuxpresso/__arduino_if/_r01lib_frdm_mcxa156/Debug/lib_r01lib_frdm_mcxa156.a(startup_mcxa156.o)
                0x00001fbc                CTIMER0_IRQHandler
 .text.CTIMER1_IRQHandler
                0x00001fc4        0x8 /Users/tedd/dev/mcuxpresso/__arduino_if/_r01lib_frdm_mcxa156/Debug/lib_r01lib_frdm_mcxa156.a(startup_mcxa156.o)
                0x00001fc4                CTIMER1_IRQHandler
 .text.CTIMER2_IRQHandler
                0x00001fcc        0x8 /Users/tedd/dev/mcuxpresso/__arduino_if/_r01lib_frdm_mcxa156/Debug/lib_r01lib_frdm_mcxa156.a(startup_mcxa156.o)
                0x00001fcc                CTIMER2_IRQHandler
 .text.CTIMER3_IRQHandler
                0x00001fd4        0x8 /Users/tedd/dev/mcuxpresso/__arduino_if/_r01lib_frdm_mcxa156/Debug/lib_r01lib_frdm_mcxa156.a(startup_mcxa156.o)
                0x00001fd4                CTIMER3_IRQHandler
 .text.CTIMER4_IRQHandler
                0x00001fdc        0x8 /Users/tedd/dev/mcuxpresso/__arduino_if/_r01lib_frdm_mcxa156/Debug/lib_r01lib_frdm_mcxa156.a(startup_mcxa156.o)
                0x00001fdc                CTIMER4_IRQHandler
 .text.FLEXPWM0_RELOAD_ERROR_IRQHandler
                0x00001fe4        0x8 /Users/tedd/dev/mcuxpresso/__arduino_if/_r01lib_frdm_mcxa156/Debug/lib_r01lib_frdm_mcxa156.a(startup_mcxa156.o)
                0x00001fe4                FLEXPWM0_RELOAD_ERROR_IRQHandler
 .text.FLEXPWM0_FAULT_IRQHandler
                0x00001fec        0x8 /Users/tedd/dev/mcuxpresso/__arduino_if/_r01lib_frdm_mcxa156/Debug/lib_r01lib_frdm_mcxa156.a(startup_mcxa156.o)
                0x00001fec                FLEXPWM0_FAULT_IRQHandler
 .text.FLEXPWM0_SUBMODULE0_IRQHandler
                0x00001ff4        0x8 /Users/tedd/dev/mcuxpresso/__arduino_if/_r01lib_frdm_mcxa156/Debug/lib_r01lib_frdm_mcxa156.a(startup_mcxa156.o)
                0x00001ff4                FLEXPWM0_SUBMODULE0_IRQHandler
 .text.FLEXPWM0_SUBMODULE1_IRQHandler
                0x00001ffc        0x8 /Users/tedd/dev/mcuxpresso/__arduino_if/_r01lib_frdm_mcxa156/Debug/lib_r01lib_frdm_mcxa156.a(startup_mcxa156.o)
                0x00001ffc                FLEXPWM0_SUBMODULE1_IRQHandler
 .text.FLEXPWM0_SUBMODULE2_IRQHandler
                0x00002004        0x8 /Users/tedd/dev/mcuxpresso/__arduino_if/_r01lib_frdm_mcxa156/Debug/lib_r01lib_frdm_mcxa156.a(startup_mcxa156.o)
                0x00002004                FLEXPWM0_SUBMODULE2_IRQHandler
 .text.Reserved65_IRQHandler
                0x0000200c        0x8 /Users/tedd/dev/mcuxpresso/__arduino_if/_r01lib_frdm_mcxa156/Debug/lib_r01lib_frdm_mcxa156.a(startup_mcxa156.o)
                0x0000200c                Reserved65_IRQHandler
 .text.QDC0_COMPARE_IRQHandler
                0x00002014        0x8 /Users/tedd/dev/mcuxpresso/__arduino_if/_r01lib_frdm_mcxa156/Debug/lib_r01lib_frdm_mcxa156.a(startup_mcxa156.o)
                0x00002014                QDC0_COMPARE_IRQHandler
 .text.QDC0_HOME_IRQHandler
                0x0000201c        0x8 /Users/tedd/dev/mcuxpresso/__arduino_if/_r01lib_frdm_mcxa156/Debug/lib_r01lib_frdm_mcxa156.a(startup_mcxa156.o)
                0x0000201c                QDC0_HOME_IRQHandler
 .text.QDC0_WATCHDOG_IRQHandler
                0x00002024        0x8 /Users/tedd/dev/mcuxpresso/__arduino_if/_r01lib_frdm_mcxa156/Debug/lib_r01lib_frdm_mcxa156.a(startup_mcxa156.o)
                0x00002024                QDC0_WATCHDOG_IRQHandler
 .text.QDC0_INDEX_IRQHandler
                0x0000202c        0x8 /Users/tedd/dev/mcuxpresso/__arduino_if/_r01lib_frdm_mcxa156/Debug/lib_r01lib_frdm_mcxa156.a(startup_mcxa156.o)
                0x0000202c                QDC0_INDEX_IRQHandler
 .text.FREQME0_IRQHandler
                0x00002034        0x8 /Users/tedd/dev/mcuxpresso/__arduino_if/_r01lib_frdm_mcxa156/Debug/lib_r01lib_frdm_mcxa156.a(startup_mcxa156.o)
                0x00002034                FREQME0_IRQHandler
 .text.LPTMR0_IRQHandler
                0x0000203c        0x8 /Users/tedd/dev/mcuxpresso/__arduino_if/_r01lib_frdm_mcxa156/Debug/lib_r01lib_frdm_mcxa156.a(startup_mcxa156.o)
                0x0000203c                LPTMR0_IRQHandler
 .text.Reserved72_IRQHandler
                0x00002044        0x8 /Users/tedd/dev/mcuxpresso/__arduino_if/_r01lib_frdm_mcxa156/Debug/lib_r01lib_frdm_mcxa156.a(startup_mcxa156.o)
                0x00002044                Reserved72_IRQHandler
 .text.OS_EVENT_IRQHandler
                0x0000204c        0x8 /Users/tedd/dev/mcuxpresso/__arduino_if/_r01lib_frdm_mcxa156/Debug/lib_r01lib_frdm_mcxa156.a(startup_mcxa156.o)
                0x0000204c                OS_EVENT_IRQHandler
 .text.WAKETIMER0_IRQHandler
                0x00002054        0x8 /Users/tedd/dev/mcuxpresso/__arduino_if/_r01lib_frdm_mcxa156/Debug/lib_r01lib_frdm_mcxa156.a(startup_mcxa156.o)
                0x00002054                WAKETIMER0_IRQHandler
 .text.UTICK0_IRQHandler
                0x0000205c        0x8 /Users/tedd/dev/mcuxpresso/__arduino_if/_r01lib_frdm_mcxa156/Debug/lib_r01lib_frdm_mcxa156.a(startup_mcxa156.o)
                0x0000205c                UTICK0_IRQHandler
 .text.WWDT0_IRQHandler
                0x00002064        0x8 /Users/tedd/dev/mcuxpresso/__arduino_if/_r01lib_frdm_mcxa156/Debug/lib_r01lib_frdm_mcxa156.a(startup_mcxa156.o)
                0x00002064                WWDT0_IRQHandler
 .text.Reserved77_IRQHandler
                0x0000206c        0x8 /Users/tedd/dev/mcuxpresso/__arduino_if/_r01lib_frdm_mcxa156/Debug/lib_r01lib_frdm_mcxa156.a(startup_mcxa156.o)
                0x0000206c                Reserved77_IRQHandler
 .text.ADC0_IRQHandler
                0x00002074        0x8 /Users/tedd/dev/mcuxpresso/__arduino_if/_r01lib_frdm_mcxa156/Debug/lib_r01lib_frdm_mcxa156.a(startup_mcxa156.o)
                0x00002074                ADC0_IRQHandler
 .text.ADC1_IRQHandler
                0x0000207c        0x8 /Users/tedd/dev/mcuxpresso/__arduino_if/_r01lib_frdm_mcxa156/Debug/lib_r01lib_frdm_mcxa156.a(startup_mcxa156.o)
                0x0000207c                ADC1_IRQHandler
 .text.CMP0_IRQHandler
                0x00002084        0x8 /Users/tedd/dev/mcuxpresso/__arduino_if/_r01lib_frdm_mcxa156/Debug/lib_r01lib_frdm_mcxa156.a(startup_mcxa156.o)
                0x00002084                CMP0_IRQHandler
 .text.CMP1_IRQHandler
                0x0000208c        0x8 /Users/tedd/dev/mcuxpresso/__arduino_if/_r01lib_frdm_mcxa156/Debug/lib_r01lib_frdm_mcxa156.a(startup_mcxa156.o)
                0x0000208c                CMP1_IRQHandler
 .text.Reserved82_IRQHandler
                0x00002094        0x8 /Users/tedd/dev/mcuxpresso/__arduino_if/_r01lib_frdm_mcxa156/Debug/lib_r01lib_frdm_mcxa156.a(startup_mcxa156.o)
                0x00002094                Reserved82_IRQHandler
 .text.DAC0_IRQHandler
                0x0000209c        0x8 /Users/tedd/dev/mcuxpresso/__arduino_if/_r01lib_frdm_mcxa156/Debug/lib_r01lib_frdm_mcxa156.a(startup_mcxa156.o)
                0x0000209c                DAC0_IRQHandler
 .text.Reserved84_IRQHandler
                0x000020a4        0x8 /Users/tedd/dev/mcuxpresso/__arduino_if/_r01lib_frdm_mcxa156/Debug/lib_r01lib_frdm_mcxa156.a(startup_mcxa156.o)
                0x000020a4                Reserved84_IRQHandler
 .text.Reserved85_IRQHandler
                0x000020ac        0x8 /Users/tedd/dev/mcuxpresso/__arduino_if/_r01lib_frdm_mcxa156/Debug/lib_r01lib_frdm_mcxa156.a(startup_mcxa156.o)
                0x000020ac                Reserved85_IRQHandler
 .text.Reserved86_IRQHandler
                0x000020b4        0x8 /Users/tedd/dev/mcuxpresso/__arduino_if/_r01lib_frdm_mcxa156/Debug/lib_r01lib_frdm_mcxa156.a(startup_mcxa156.o)
                0x000020b4                Reserved86_IRQHandler
 .text.GPIO4_IRQHandler
                0x000020bc        0x8 /Users/tedd/dev/mcuxpresso/__arduino_if/_r01lib_frdm_mcxa156/Debug/lib_r01lib_frdm_mcxa156.a(startup_mcxa156.o)
                0x000020bc                GPIO4_IRQHandler
 .text.Reserved92_IRQHandler
                0x000020c4        0x8 /Users/tedd/dev/mcuxpresso/__arduino_if/_r01lib_frdm_mcxa156/Debug/lib_r01lib_frdm_mcxa156.a(startup_mcxa156.o)
                0x000020c4                Reserved92_IRQHandler
 .text.LPI2C2_IRQHandler
                0x000020cc        0x8 /Users/tedd/dev/mcuxpresso/__arduino_if/_r01lib_frdm_mcxa156/Debug/lib_r01lib_frdm_mcxa156.a(startup_mcxa156.o)
                0x000020cc                LPI2C2_IRQHandler
 .text.LPI2C3_IRQHandler
                0x000020d4        0x8 /Users/tedd/dev/mcuxpresso/__arduino_if/_r01lib_frdm_mcxa156/Debug/lib_r01lib_frdm_mcxa156.a(startup_mcxa156.o)
                0x000020d4                LPI2C3_IRQHandler
 .text.FLEXPWM1_RELOAD_ERROR_IRQHandler
                0x000020dc        0x8 /Users/tedd/dev/mcuxpresso/__arduino_if/_r01lib_frdm_mcxa156/Debug/lib_r01lib_frdm_mcxa156.a(startup_mcxa156.o)
                0x000020dc                FLEXPWM1_RELOAD_ERROR_IRQHandler
 .text.FLEXPWM1_FAULT_IRQHandler
                0x000020e4        0x8 /Users/tedd/dev/mcuxpresso/__arduino_if/_r01lib_frdm_mcxa156/Debug/lib_r01lib_frdm_mcxa156.a(startup_mcxa156.o)
                0x000020e4                FLEXPWM1_FAULT_IRQHandler
 .text.FLEXPWM1_SUBMODULE0_IRQHandler
                0x000020ec        0x8 /Users/tedd/dev/mcuxpresso/__arduino_if/_r01lib_frdm_mcxa156/Debug/lib_r01lib_frdm_mcxa156.a(startup_mcxa156.o)
                0x000020ec                FLEXPWM1_SUBMODULE0_IRQHandler
 .text.FLEXPWM1_SUBMODULE1_IRQHandler
                0x000020f4        0x8 /Users/tedd/dev/mcuxpresso/__arduino_if/_r01lib_frdm_mcxa156/Debug/lib_r01lib_frdm_mcxa156.a(startup_mcxa156.o)
                0x000020f4                FLEXPWM1_SUBMODULE1_IRQHandler
 .text.FLEXPWM1_SUBMODULE2_IRQHandler
                0x000020fc        0x8 /Users/tedd/dev/mcuxpresso/__arduino_if/_r01lib_frdm_mcxa156/Debug/lib_r01lib_frdm_mcxa156.a(startup_mcxa156.o)
                0x000020fc                FLEXPWM1_SUBMODULE2_IRQHandler
 .text.Reserved100_IRQHandler
                0x00002104        0x8 /Users/tedd/dev/mcuxpresso/__arduino_if/_r01lib_frdm_mcxa156/Debug/lib_r01lib_frdm_mcxa156.a(startup_mcxa156.o)
                0x00002104                Reserved100_IRQHandler
 .text.QDC1_COMPARE_IRQHandler
                0x0000210c        0x8 /Users/tedd/dev/mcuxpresso/__arduino_if/_r01lib_frdm_mcxa156/Debug/lib_r01lib_frdm_mcxa156.a(startup_mcxa156.o)
                0x0000210c                QDC1_COMPARE_IRQHandler
 .text.QDC1_HOME_IRQHandler
                0x00002114        0x8 /Users/tedd/dev/mcuxpresso/__arduino_if/_r01lib_frdm_mcxa156/Debug/lib_r01lib_frdm_mcxa156.a(startup_mcxa156.o)
                0x00002114                QDC1_HOME_IRQHandler
 .text.QDC1_WATCHDOG_IRQHandler
                0x0000211c        0x8 /Users/tedd/dev/mcuxpresso/__arduino_if/_r01lib_frdm_mcxa156/Debug/lib_r01lib_frdm_mcxa156.a(startup_mcxa156.o)
                0x0000211c                QDC1_WATCHDOG_IRQHandler
 .text.QDC1_INDEX_IRQHandler
                0x00002124        0x8 /Users/tedd/dev/mcuxpresso/__arduino_if/_r01lib_frdm_mcxa156/Debug/lib_r01lib_frdm_mcxa156.a(startup_mcxa156.o)
                0x00002124                QDC1_INDEX_IRQHandler
 .text.irq_handler
                0x0000212c       0x48 /Users/tedd/dev/mcuxpresso/__arduino_if/_r01lib_frdm_mcxa156/Debug/lib_r01lib_frdm_mcxa156.a(InterruptIn.o)
                0x0000212c                irq_handler
 .text._ZN12DigitalInOutD2Ev
                0x00002174       0x14 /Users/tedd/dev/mcuxpresso/__arduino_if/_r01lib_frdm_mcxa156/Debug/lib_r01lib_frdm_mcxa156.a(io.o)
                0x00002174                DigitalInOut::~DigitalInOut()
                0x00002174                DigitalInOut::~DigitalInOut()
 .text._ZN12DigitalInOutD0Ev
                0x00002188       0x1c /Users/tedd/dev/mcuxpresso/__arduino_if/_r01lib_frdm_mcxa156/Debug/lib_r01lib_frdm_mcxa156.a(io.o)
                0x00002188                DigitalInOut::~DigitalInOut()
 .text._ZN12DigitalInOut4modeEi
                0x000021a4       0x50 /Users/tedd/dev/mcuxpresso/__arduino_if/_r01lib_frdm_mcxa156/Debug/lib_r01lib_frdm_mcxa156.a(io.o)
                0x000021a4                DigitalInOut::mode(int)
 .text._ZN12DigitalInOutC2Ehbbi
                0x000021f4       0xa0 /Users/tedd/dev/mcuxpresso/__arduino_if/_r01lib_frdm_mcxa156/Debug/lib_r01lib_frdm_mcxa156.a(io.o)
                0x000021f4                DigitalInOut::DigitalInOut(unsigned char, bool, bool, int)
                0x000021f4                DigitalInOut::DigitalInOut(unsigned char, bool, bool, int)
 .text._ZN12DigitalInOutaSEb
                0x00002294       0x3c /Users/tedd/dev/mcuxpresso/__arduino_if/_r01lib_frdm_mcxa156/Debug/lib_r01lib_frdm_mcxa156.a(io.o)
                0x00002294                DigitalInOut::operator=(bool)
 .text._Z8init_mcuv
                0x000022d0      0x140 /Users/tedd/dev/mcuxpresso/__arduino_if/_r01lib_frdm_mcxa156/Debug/lib_r01lib_frdm_mcxa156.a(mcu.o)
                0x000022d0                init_mcu()
 .text.startup._Z9start_mcuv
                0x00002410       0x18 /Users/tedd/dev/mcuxpresso/__arduino_if/_r01lib_frdm_mcxa156/Debug/lib_r01lib_frdm_mcxa156.a(mcu.o)
                0x00002410                start_mcu()
 .text._ZN3ObjD2Ev
                0x00002428        0x4 /Users/tedd/dev/mcuxpresso/__arduino_if/_r01lib_frdm_mcxa156/Debug/lib_r01lib_frdm_mcxa156.a(obj.o)
                0x00002428                Obj::~Obj()
                0x00002428                Obj::~Obj()
 .text._ZN3ObjD0Ev
                0x0000242c       0x10 /Users/tedd/dev/mcuxpresso/__arduino_if/_r01lib_frdm_mcxa156/Debug/lib_r01lib_frdm_mcxa156.a(obj.o)
                0x0000242c                Obj::~Obj()
 .text._ZN3ObjC2Eb
                0x0000243c       0x2c /Users/tedd/dev/mcuxpresso/__arduino_if/_r01lib_frdm_mcxa156/Debug/lib_r01lib_frdm_mcxa156.a(obj.o)
                0x0000243c                Obj::Obj(bool)
                0x0000243c                Obj::Obj(bool)
 .text.CLOCK_SetClockSelect
                0x00002468       0xa4 /Users/tedd/dev/mcuxpresso/__arduino_if/_r01lib_frdm_mcxa156/Debug/lib_r01lib_frdm_mcxa156.a(fsl_clock.o)
                0x00002468                CLOCK_SetClockSelect
 .text.CLOCK_SetClockDiv
                0x0000250c       0x88 /Users/tedd/dev/mcuxpresso/__arduino_if/_r01lib_frdm_mcxa156/Debug/lib_r01lib_frdm_mcxa156.a(fsl_clock.o)
                0x0000250c                CLOCK_SetClockDiv
 .text.CLOCK_SetupFROHFClocking
                0x00002594       0xf8 /Users/tedd/dev/mcuxpresso/__arduino_if/_r01lib_frdm_mcxa156/Debug/lib_r01lib_frdm_mcxa156.a(fsl_clock.o)
                0x00002594                CLOCK_SetupFROHFClocking
 .text.CLOCK_SetupFRO12MClocking
                0x0000268c       0x54 /Users/tedd/dev/mcuxpresso/__arduino_if/_r01lib_frdm_mcxa156/Debug/lib_r01lib_frdm_mcxa156.a(fsl_clock.o)
                0x0000268c                CLOCK_SetupFRO12MClocking
 .text.CLOCK_GetFro12MFreq
                0x000026e0       0x2c /Users/tedd/dev/mcuxpresso/__arduino_if/_r01lib_frdm_mcxa156/Debug/lib_r01lib_frdm_mcxa156.a(fsl_clock.o)
 .text.CLOCK_GetFroHfFreq
                0x0000270c       0xc0 /Users/tedd/dev/mcuxpresso/__arduino_if/_r01lib_frdm_mcxa156/Debug/lib_r01lib_frdm_mcxa156.a(fsl_clock.o)
 .text.CLOCK_GetClk16KFreq
                0x000027cc       0x44 /Users/tedd/dev/mcuxpresso/__arduino_if/_r01lib_frdm_mcxa156/Debug/lib_r01lib_frdm_mcxa156.a(fsl_clock.o)
 .text.CLOCK_GetExtClkFreq
                0x00002810       0x2c /Users/tedd/dev/mcuxpresso/__arduino_if/_r01lib_frdm_mcxa156/Debug/lib_r01lib_frdm_mcxa156.a(fsl_clock.o)
 .text.CLOCK_GetMainClk
                0x0000283c       0x68 /Users/tedd/dev/mcuxpresso/__arduino_if/_r01lib_frdm_mcxa156/Debug/lib_r01lib_frdm_mcxa156.a(fsl_clock.o)
                0x0000283c                CLOCK_GetMainClk
 .text.CLOCK_GetCoreSysClkFreq
                0x000028a4       0x20 /Users/tedd/dev/mcuxpresso/__arduino_if/_r01lib_frdm_mcxa156/Debug/lib_r01lib_frdm_mcxa156.a(fsl_clock.o)
                0x000028a4                CLOCK_GetCoreSysClkFreq
 .text.MSDK_EnableCpuCycleCounter
                0x000028c4       0x68 /Users/tedd/dev/mcuxpresso/__arduino_if/_r01lib_frdm_mcxa156/Debug/lib_r01lib_frdm_mcxa156.a(fsl_common_arm.o)
                0x000028c4                MSDK_EnableCpuCycleCounter
 .text.MSDK_GetCpuCycleCount
                0x0000292c       0x18 /Users/tedd/dev/mcuxpresso/__arduino_if/_r01lib_frdm_mcxa156/Debug/lib_r01lib_frdm_mcxa156.a(fsl_common_arm.o)
                0x0000292c                MSDK_GetCpuCycleCount
 .text.SDK_DelayAtLeastUs
                0x00002944      0x108 /Users/tedd/dev/mcuxpresso/__arduino_if/_r01lib_frdm_mcxa156/Debug/lib_r01lib_frdm_mcxa156.a(fsl_common_arm.o)
                0x00002944                SDK_DelayAtLeastUs
 .text.GPIO_PinInit
                0x00002a4c       0x70 /Users/tedd/dev/mcuxpresso/__arduino_if/_r01lib_frdm_mcxa156/Debug/lib_r01lib_frdm_mcxa156.a(fsl_gpio.o)
                0x00002a4c                GPIO_PinInit
 .text.RESET_SetPeripheralReset
                0x00002abc       0xc8 /Users/tedd/dev/mcuxpresso/__arduino_if/_r01lib_frdm_mcxa156/Debug/lib_r01lib_frdm_mcxa156.a(fsl_reset.o)
                0x00002abc                RESET_SetPeripheralReset
 .text.RESET_ClearPeripheralReset
                0x00002b84       0xa8 /Users/tedd/dev/mcuxpresso/__arduino_if/_r01lib_frdm_mcxa156/Debug/lib_r01lib_frdm_mcxa156.a(fsl_reset.o)
                0x00002b84                RESET_ClearPeripheralReset
 .text.CLOCK_EnableClock
                0x00002c2c       0xb0 /Users/tedd/dev/mcuxpresso/__arduino_if/_r01lib_frdm_mcxa156/Debug/lib_r01lib_frdm_mcxa156.a(fsl_utick.o)
 .text.UTICK_GetInstance
                0x00002cdc       0x54 /Users/tedd/dev/mcuxpresso/__arduino_if/_r01lib_frdm_mcxa156/Debug/lib_r01lib_frdm_mcxa156.a(fsl_utick.o)
 .text.UTICK_Init
                0x00002d30       0x3c /Users/tedd/dev/mcuxpresso/__arduino_if/_r01lib_frdm_mcxa156/Debug/lib_r01lib_frdm_mcxa156.a(fsl_utick.o)
                0x00002d30                UTICK_Init
 .text.UTICK0_DriverIRQHandler
                0x00002d6c       0x24 /Users/tedd/dev/mcuxpresso/__arduino_if/_r01lib_frdm_mcxa156/Debug/lib_r01lib_frdm_mcxa156.a(fsl_utick.o)
                0x00002d6c                UTICK0_DriverIRQHandler
 .text.SystemInit
                0x00002d90      0x170 /Users/tedd/dev/mcuxpresso/__arduino_if/_r01lib_frdm_mcxa156/Debug/lib_r01lib_frdm_mcxa156.a(system_MCXA156.o)
                0x00002d90                SystemInit
 .text.BOARD_InitDebugConsole
                0x00002f00       0x34 /Users/tedd/dev/mcuxpresso/__arduino_if/_r01lib_frdm_mcxa156/Debug/lib_r01lib_frdm_mcxa156.a(board.o)
                0x00002f00                BOARD_InitDebugConsole
 .text.BOARD_BootClockFRO96M
                0x00002f34       0xe8 /Users/tedd/dev/mcuxpresso/__arduino_if/_r01lib_frdm_mcxa156/Debug/lib_r01lib_frdm_mcxa156.a(clock_config.o)
                0x00002f34                BOARD_BootClockFRO96M
 .text.CLOCK_EnableClock
                0x0000301c       0xb0 /Users/tedd/dev/mcuxpresso/__arduino_if/_r01lib_frdm_mcxa156/Debug/lib_r01lib_frdm_mcxa156.a(pin_mux.o)
 .text.PORT_SetPinConfig
                0x000030cc       0x48 /Users/tedd/dev/mcuxpresso/__arduino_if/_r01lib_frdm_mcxa156/Debug/lib_r01lib_frdm_mcxa156.a(pin_mux.o)
 .text.BOARD_InitPins
                0x00003114      0x784 /Users/tedd/dev/mcuxpresso/__arduino_if/_r01lib_frdm_mcxa156/Debug/lib_r01lib_frdm_mcxa156.a(pin_mux.o)
                0x00003114                BOARD_InitPins
 .text.__assert_func
                0x00003898       0x30 /Users/tedd/dev/mcuxpresso/__arduino_if/_r01lib_frdm_mcxa156/Debug/lib_r01lib_frdm_mcxa156.a(fsl_assert.o)
                0x00003898                __assert_func
 .text.SPC_SetSRAMOperateVoltage
                0x000038c8       0x74 /Users/tedd/dev/mcuxpresso/__arduino_if/_r01lib_frdm_mcxa156/Debug/lib_r01lib_frdm_mcxa156.a(fsl_spc.o)
                0x000038c8                SPC_SetSRAMOperateVoltage
 .text.SPC_SetActiveModeCoreLDORegulatorConfig
                0x0000393c       0xa4 /Users/tedd/dev/mcuxpresso/__arduino_if/_r01lib_frdm_mcxa156/Debug/lib_r01lib_frdm_mcxa156.a(fsl_spc.o)
                0x0000393c                SPC_SetActiveModeCoreLDORegulatorConfig
 .text          0x000039e0      0x378 /Applications/MCUXpressoIDE_25.6.136/ide/plugins/com.nxp.mcuxpresso.tools.macosx_25.6.0.202501151204/tools/bin/../lib/gcc/arm-none-eabi/14.2.1/thumb/v8-m.main+fp/hard/libgcc.a(_arm_addsubdf3.o)
                0x000039e0                __aeabi_drsub
                0x000039e8                __subdf3
                0x000039e8                __aeabi_dsub
                0x000039ec                __aeabi_dadd
                0x000039ec                __adddf3
                0x00003c64                __aeabi_ui2d
                0x00003c64                __floatunsidf
                0x00003c84                __floatsidf
                0x00003c84                __aeabi_i2d
                0x00003ca8                __extendsfdf2
                0x00003ca8                __aeabi_f2d
                0x00003cec                __aeabi_ul2d
                0x00003cec                __floatundidf
                0x00003cfc                __aeabi_l2d
                0x00003cfc                __floatdidf
 .text          0x00003d58       0x40 /Applications/MCUXpressoIDE_25.6.136/ide/plugins/com.nxp.mcuxpresso.tools.macosx_25.6.0.202501151204/tools/bin/../lib/gcc/arm-none-eabi/14.2.1/thumb/v8-m.main+fp/hard/libgcc.a(_arm_fixunsdfsi.o)
                0x00003d58                __fixunsdfsi
                0x00003d58                __aeabi_d2uiz
 .text          0x00003d98       0x30 /Applications/MCUXpressoIDE_25.6.136/ide/plugins/com.nxp.mcuxpresso.tools.macosx_25.6.0.202501151204/tools/bin/../lib/gcc/arm-none-eabi/14.2.1/thumb/v8-m.main+fp/hard/libgcc.a(_aeabi_uldivmod.o)
                0x00003d98                __aeabi_uldivmod
 .text.__udivmoddi4
                0x00003dc8      0x34c /Applications/MCUXpressoIDE_25.6.136/ide/plugins/com.nxp.mcuxpresso.tools.macosx_25.6.0.202501151204/tools/bin/../lib/gcc/arm-none-eabi/14.2.1/thumb/v8-m.main+fp/hard/libgcc.a(_udivmoddi4.o)
                0x00003dc8                __udivmoddi4
 .text          0x00004114        0x4 /Applications/MCUXpressoIDE_25.6.136/ide/plugins/com.nxp.mcuxpresso.tools.macosx_25.6.0.202501151204/tools/bin/../lib/gcc/arm-none-eabi/14.2.1/thumb/v8-m.main+fp/hard/libgcc.a(_dvmd_tls.o)
                0x00004114                __aeabi_ldiv0
                0x00004114                __aeabi_idiv0
 .text._printf_float
                0x00004118      0x450 /Applications/MCUXpressoIDE_25.6.136/ide/plugins/com.nxp.mcuxpresso.tools.macosx_25.6.0.202501151204/tools/bin/../lib/gcc/arm-none-eabi/14.2.1/../../../../arm-none-eabi/lib/thumb/v8-m.main+fp/hard/libc_nano.a(libc_a-nano-vfprintf_float.o)
                0x00004118                _printf_float
 .text._printf_i
                0x00004568      0x240 /Applications/MCUXpressoIDE_25.6.136/ide/plugins/com.nxp.mcuxpresso.tools.macosx_25.6.0.202501151204/tools/bin/../lib/gcc/arm-none-eabi/14.2.1/../../../../arm-none-eabi/lib/thumb/v8-m.main+fp/hard/libc_nano.a(libc_a-nano-vfprintf_i.o)
                0x00004568                _printf_i
 .text._scanf_float
                0x000047a8      0x418 /Applications/MCUXpressoIDE_25.6.136/ide/plugins/com.nxp.mcuxpresso.tools.macosx_25.6.0.202501151204/tools/bin/../lib/gcc/arm-none-eabi/14.2.1/../../../../arm-none-eabi/lib/thumb/v8-m.main+fp/hard/libc_nano.a(libc_a-nano-vfscanf_float.o)
                0x000047a8                _scanf_float
 .text.sprintf  0x00004bc0       0x44 /Applications/MCUXpressoIDE_25.6.136/ide/plugins/com.nxp.mcuxpresso.tools.macosx_25.6.0.202501151204/tools/bin/../lib/gcc/arm-none-eabi/14.2.1/../../../../arm-none-eabi/lib/thumb/v8-m.main+fp/hard/libc_nano.a(libc_a-sprintf.o)
                0x00004bc0                sprintf
                0x00004bc0                siprintf
 .text._strtod_r
                0x00004c04        0xc /Applications/MCUXpressoIDE_25.6.136/ide/plugins/com.nxp.mcuxpresso.tools.macosx_25.6.0.202501151204/tools/bin/../lib/gcc/arm-none-eabi/14.2.1/../../../../arm-none-eabi/lib/thumb/v8-m.main+fp/hard/libc_nano.a(libc_a-strtod.o)
                0x00004c04                _strtod_r
 .text._strtol_l.isra.0
                0x00004c10       0xf4 /Applications/MCUXpressoIDE_25.6.136/ide/plugins/com.nxp.mcuxpresso.tools.macosx_25.6.0.202501151204/tools/bin/../lib/gcc/arm-none-eabi/14.2.1/../../../../arm-none-eabi/lib/thumb/v8-m.main+fp/hard/libc_nano.a(libc_a-strtol.o)
 .text.printf   0x00004d04       0x24 /Applications/MCUXpressoIDE_25.6.136/ide/plugins/com.nxp.mcuxpresso.tools.macosx_25.6.0.202501151204/tools/bin/../lib/gcc/arm-none-eabi/14.2.1/../../../../arm-none-eabi/lib/thumb/v8-m.main+fp/hard/libc_nano.a(libc_a-printf.o)
                0x00004d04                printf
                0x00004d04                iprintf
 .text.__errno  0x00004d28        0xc /Applications/MCUXpressoIDE_25.6.136/ide/plugins/com.nxp.mcuxpresso.tools.macosx_25.6.0.202501151204/tools/bin/../lib/gcc/arm-none-eabi/14.2.1/../../../../arm-none-eabi/lib/thumb/v8-m.main+fp/hard/libc_nano.a(libc_a-errno.o)
                0x00004d28                __errno
 .text.__libc_init_array
                0x00004d34       0x48 /Applications/MCUXpressoIDE_25.6.136/ide/plugins/com.nxp.mcuxpresso.tools.macosx_25.6.0.202501151204/tools/bin/../lib/gcc/arm-none-eabi/14.2.1/../../../../arm-none-eabi/lib/thumb/v8-m.main+fp/hard/libc_nano.a(libc_a-init.o)
                0x00004d34                __libc_init_array
 .text._localeconv_r
                0x00004d7c        0x8 /Applications/MCUXpressoIDE_25.6.136/ide/plugins/com.nxp.mcuxpresso.tools.macosx_25.6.0.202501151204/tools/bin/../lib/gcc/arm-none-eabi/14.2.1/../../../../arm-none-eabi/lib/thumb/v8-m.main+fp/hard/libc_nano.a(libc_a-localeconv.o)
                0x00004d7c                _localeconv_r
 .text.nanf     0x00004d84        0xc /Applications/MCUXpressoIDE_25.6.136/ide/plugins/com.nxp.mcuxpresso.tools.macosx_25.6.0.202501151204/tools/bin/../lib/gcc/arm-none-eabi/14.2.1/../../../../arm-none-eabi/lib/thumb/v8-m.main+fp/hard/libc_nano.a(libm_a-sf_nan.o)
                0x00004d84                nanf
 .text.__gethex
                0x00004d90      0x41c /Applications/MCUXpressoIDE_25.6.136/ide/plugins/com.nxp.mcuxpresso.tools.macosx_25.6.0.202501151204/tools/bin/../lib/gcc/arm-none-eabi/14.2.1/../../../../arm-none-eabi/lib/thumb/v8-m.main+fp/hard/libc_nano.a(libc_a-gdtoa-gethex.o)
                0x00004d90                __gethex
 .text._svfprintf_r
                0x000051ac      0x1f8 /Applications/MCUXpressoIDE_25.6.136/ide/plugins/com.nxp.mcuxpresso.tools.macosx_25.6.0.202501151204/tools/bin/../lib/gcc/arm-none-eabi/14.2.1/../../../../arm-none-eabi/lib/thumb/v8-m.main+fp/hard/libc_nano.a(libc_a-nano-svfprintf.o)
                0x000051ac                _svfprintf_r
                0x000051ac                _svfiprintf_r
 .text._vfprintf_r
                0x000053a4      0x230 /Applications/MCUXpressoIDE_25.6.136/ide/plugins/com.nxp.mcuxpresso.tools.macosx_25.6.0.202501151204/tools/bin/../lib/gcc/arm-none-eabi/14.2.1/../../../../arm-none-eabi/lib/thumb/v8-m.main+fp/hard/libc_nano.a(libc_a-nano-vfprintf.o)
                0x000053a4                _vfiprintf_r
                0x000053a4                _vfprintf_r
 .text.malloc   0x000055d4       0x10 /Applications/MCUXpressoIDE_25.6.136/ide/plugins/com.nxp.mcuxpresso.tools.macosx_25.6.0.202501151204/tools/bin/../lib/gcc/arm-none-eabi/14.2.1/../../../../arm-none-eabi/lib/thumb/v8-m.main+fp/hard/libc_nano.a(libc_a-malloc.o)
                0x000055d4                malloc
 .text.free     0x000055e4       0x10 /Applications/MCUXpressoIDE_25.6.136/ide/plugins/com.nxp.mcuxpresso.tools.macosx_25.6.0.202501151204/tools/bin/../lib/gcc/arm-none-eabi/14.2.1/../../../../arm-none-eabi/lib/thumb/v8-m.main+fp/hard/libc_nano.a(libc_a-malloc.o)
                0x000055e4                free
 .text.sbrk_aligned
                0x000055f4       0x44 /Applications/MCUXpressoIDE_25.6.136/ide/plugins/com.nxp.mcuxpresso.tools.macosx_25.6.0.202501151204/tools/bin/../lib/gcc/arm-none-eabi/14.2.1/../../../../arm-none-eabi/lib/thumb/v8-m.main+fp/hard/libc_nano.a(libc_a-mallocr.o)
 .text._malloc_r
                0x00005638      0x100 /Applications/MCUXpressoIDE_25.6.136/ide/plugins/com.nxp.mcuxpresso.tools.macosx_25.6.0.202501151204/tools/bin/../lib/gcc/arm-none-eabi/14.2.1/../../../../arm-none-eabi/lib/thumb/v8-m.main+fp/hard/libc_nano.a(libc_a-mallocr.o)
                0x00005638                _malloc_r
 .text.__malloc_lock
                0x00005738        0xc /Applications/MCUXpressoIDE_25.6.136/ide/plugins/com.nxp.mcuxpresso.tools.macosx_25.6.0.202501151204/tools/bin/../lib/gcc/arm-none-eabi/14.2.1/../../../../arm-none-eabi/lib/thumb/v8-m.main+fp/hard/libc_nano.a(libc_a-mlock.o)
                0x00005738                __malloc_lock
 .text.__malloc_unlock
                0x00005744        0xc /Applications/MCUXpressoIDE_25.6.136/ide/plugins/com.nxp.mcuxpresso.tools.macosx_25.6.0.202501151204/tools/bin/../lib/gcc/arm-none-eabi/14.2.1/../../../../arm-none-eabi/lib/thumb/v8-m.main+fp/hard/libc_nano.a(libc_a-mlock.o)
                0x00005744                __malloc_unlock
 .text._Balloc  0x00005750       0x7c /Applications/MCUXpressoIDE_25.6.136/ide/plugins/com.nxp.mcuxpresso.tools.macosx_25.6.0.202501151204/tools/bin/../lib/gcc/arm-none-eabi/14.2.1/../../../../arm-none-eabi/lib/thumb/v8-m.main+fp/hard/libc_nano.a(libc_a-mprec.o)
                0x00005750                _Balloc
 .text._Bfree   0x000057cc       0x44 /Applications/MCUXpressoIDE_25.6.136/ide/plugins/com.nxp.mcuxpresso.tools.macosx_25.6.0.202501151204/tools/bin/../lib/gcc/arm-none-eabi/14.2.1/../../../../arm-none-eabi/lib/thumb/v8-m.main+fp/hard/libc_nano.a(libc_a-mprec.o)
                0x000057cc                _Bfree
 .text.__multadd
                0x00005810       0x90 /Applications/MCUXpressoIDE_25.6.136/ide/plugins/com.nxp.mcuxpresso.tools.macosx_25.6.0.202501151204/tools/bin/../lib/gcc/arm-none-eabi/14.2.1/../../../../arm-none-eabi/lib/thumb/v8-m.main+fp/hard/libc_nano.a(libc_a-mprec.o)
                0x00005810                __multadd
 .text.__s2b    0x000058a0       0x94 /Applications/MCUXpressoIDE_25.6.136/ide/plugins/com.nxp.mcuxpresso.tools.macosx_25.6.0.202501151204/tools/bin/../lib/gcc/arm-none-eabi/14.2.1/../../../../arm-none-eabi/lib/thumb/v8-m.main+fp/hard/libc_nano.a(libc_a-mprec.o)
                0x000058a0                __s2b
 .text.__i2b    0x00005934       0x2c /Applications/MCUXpressoIDE_25.6.136/ide/plugins/com.nxp.mcuxpresso.tools.macosx_25.6.0.202501151204/tools/bin/../lib/gcc/arm-none-eabi/14.2.1/../../../../arm-none-eabi/lib/thumb/v8-m.main+fp/hard/libc_nano.a(libc_a-mprec.o)
                0x00005934                __i2b
 .text.__multiply
                0x00005960      0x154 /Applications/MCUXpressoIDE_25.6.136/ide/plugins/com.nxp.mcuxpresso.tools.macosx_25.6.0.202501151204/tools/bin/../lib/gcc/arm-none-eabi/14.2.1/../../../../arm-none-eabi/lib/thumb/v8-m.main+fp/hard/libc_nano.a(libc_a-mprec.o)
                0x00005960                __multiply
 .text.__pow5mult
                0x00005ab4       0xb8 /Applications/MCUXpressoIDE_25.6.136/ide/plugins/com.nxp.mcuxpresso.tools.macosx_25.6.0.202501151204/tools/bin/../lib/gcc/arm-none-eabi/14.2.1/../../../../arm-none-eabi/lib/thumb/v8-m.main+fp/hard/libc_nano.a(libc_a-mprec.o)
                0x00005ab4                __pow5mult
 .text.__lshift
                0x00005b6c       0xd8 /Applications/MCUXpressoIDE_25.6.136/ide/plugins/com.nxp.mcuxpresso.tools.macosx_25.6.0.202501151204/tools/bin/../lib/gcc/arm-none-eabi/14.2.1/../../../../arm-none-eabi/lib/thumb/v8-m.main+fp/hard/libc_nano.a(libc_a-mprec.o)
                0x00005b6c                __lshift
 .text.__mdiff  0x00005c44      0x138 /Applications/MCUXpressoIDE_25.6.136/ide/plugins/com.nxp.mcuxpresso.tools.macosx_25.6.0.202501151204/tools/bin/../lib/gcc/arm-none-eabi/14.2.1/../../../../arm-none-eabi/lib/thumb/v8-m.main+fp/hard/libc_nano.a(libc_a-mprec.o)
                0x00005c44                __mdiff
 .text.__ulp    0x00005d7c       0x4c /Applications/MCUXpressoIDE_25.6.136/ide/plugins/com.nxp.mcuxpresso.tools.macosx_25.6.0.202501151204/tools/bin/../lib/gcc/arm-none-eabi/14.2.1/../../../../arm-none-eabi/lib/thumb/v8-m.main+fp/hard/libc_nano.a(libc_a-mprec.o)
                0x00005d7c                __ulp
 .text.__b2d    0x00005dc8       0x9c /Applications/MCUXpressoIDE_25.6.136/ide/plugins/com.nxp.mcuxpresso.tools.macosx_25.6.0.202501151204/tools/bin/../lib/gcc/arm-none-eabi/14.2.1/../../../../arm-none-eabi/lib/thumb/v8-m.main+fp/hard/libc_nano.a(libc_a-mprec.o)
                0x00005dc8                __b2d
 .text.__d2b    0x00005e64       0xb0 /Applications/MCUXpressoIDE_25.6.136/ide/plugins/com.nxp.mcuxpresso.tools.macosx_25.6.0.202501151204/tools/bin/../lib/gcc/arm-none-eabi/14.2.1/../../../../arm-none-eabi/lib/thumb/v8-m.main+fp/hard/libc_nano.a(libc_a-mprec.o)
                0x00005e64                __d2b
 .text.std      0x00005f14       0x6c /Applications/MCUXpressoIDE_25.6.136/ide/plugins/com.nxp.mcuxpresso.tools.macosx_25.6.0.202501151204/tools/bin/../lib/gcc/arm-none-eabi/14.2.1/../../../../arm-none-eabi/lib/thumb/v8-m.main+fp/hard/libc_nano.a(libc_a-findfp.o)
 .text.stdio_exit_handler
                0x00005f80       0x18 /Applications/MCUXpressoIDE_25.6.136/ide/plugins/com.nxp.mcuxpresso.tools.macosx_25.6.0.202501151204/tools/bin/../lib/gcc/arm-none-eabi/14.2.1/../../../../arm-none-eabi/lib/thumb/v8-m.main+fp/hard/libc_nano.a(libc_a-findfp.o)
 .text.cleanup_stdio
                0x00005f98       0x40 /Applications/MCUXpressoIDE_25.6.136/ide/plugins/com.nxp.mcuxpresso.tools.macosx_25.6.0.202501151204/tools/bin/../lib/gcc/arm-none-eabi/14.2.1/../../../../arm-none-eabi/lib/thumb/v8-m.main+fp/hard/libc_nano.a(libc_a-findfp.o)
 .text.global_stdio_init.part.0
                0x00005fd8       0x40 /Applications/MCUXpressoIDE_25.6.136/ide/plugins/com.nxp.mcuxpresso.tools.macosx_25.6.0.202501151204/tools/bin/../lib/gcc/arm-none-eabi/14.2.1/../../../../arm-none-eabi/lib/thumb/v8-m.main+fp/hard/libc_nano.a(libc_a-findfp.o)
 .text.__sfp_lock_acquire
                0x00006018        0xc /Applications/MCUXpressoIDE_25.6.136/ide/plugins/com.nxp.mcuxpresso.tools.macosx_25.6.0.202501151204/tools/bin/../lib/gcc/arm-none-eabi/14.2.1/../../../../arm-none-eabi/lib/thumb/v8-m.main+fp/hard/libc_nano.a(libc_a-findfp.o)
                0x00006018                __sfp_lock_acquire
 .text.__sfp_lock_release
                0x00006024        0xc /Applications/MCUXpressoIDE_25.6.136/ide/plugins/com.nxp.mcuxpresso.tools.macosx_25.6.0.202501151204/tools/bin/../lib/gcc/arm-none-eabi/14.2.1/../../../../arm-none-eabi/lib/thumb/v8-m.main+fp/hard/libc_nano.a(libc_a-findfp.o)
                0x00006024                __sfp_lock_release
 .text.__sinit  0x00006030       0x30 /Applications/MCUXpressoIDE_25.6.136/ide/plugins/com.nxp.mcuxpresso.tools.macosx_25.6.0.202501151204/tools/bin/../lib/gcc/arm-none-eabi/14.2.1/../../../../arm-none-eabi/lib/thumb/v8-m.main+fp/hard/libc_nano.a(libc_a-findfp.o)
                0x00006030                __sinit
 .text.__swsetup_r
                0x00006060       0xa8 /Applications/MCUXpressoIDE_25.6.136/ide/plugins/com.nxp.mcuxpresso.tools.macosx_25.6.0.202501151204/tools/bin/../lib/gcc/arm-none-eabi/14.2.1/../../../../arm-none-eabi/lib/thumb/v8-m.main+fp/hard/libc_nano.a(libc_a-wsetup.o)
                0x00006060                __swsetup_r
 .text._isatty_r
                0x00006108       0x20 /Applications/MCUXpressoIDE_25.6.136/ide/plugins/com.nxp.mcuxpresso.tools.macosx_25.6.0.202501151204/tools/bin/../lib/gcc/arm-none-eabi/14.2.1/../../../../arm-none-eabi/lib/thumb/v8-m.main+fp/hard/libc_nano.a(libc_a-isattyr.o)
                0x00006108                _isatty_r
 .text._sbrk_r  0x00006128       0x20 /Applications/MCUXpressoIDE_25.6.136/ide/plugins/com.nxp.mcuxpresso.tools.macosx_25.6.0.202501151204/tools/bin/../lib/gcc/arm-none-eabi/14.2.1/../../../../arm-none-eabi/lib/thumb/v8-m.main+fp/hard/libc_nano.a(libc_a-sbrkr.o)
                0x00006128                _sbrk_r
 .text._fstat_r
                0x00006148       0x24 /Applications/MCUXpressoIDE_25.6.136/ide/plugins/com.nxp.mcuxpresso.tools.macosx_25.6.0.202501151204/tools/bin/../lib/gcc/arm-none-eabi/14.2.1/../../../../arm-none-eabi/lib/thumb/v8-m.main+fp/hard/libc_nano.a(libc_a-fstatr.o)
                0x00006148                _fstat_r
 .text.__cxa_atexit
                0x0000616c       0x1c /Applications/MCUXpressoIDE_25.6.136/ide/plugins/com.nxp.mcuxpresso.tools.macosx_25.6.0.202501151204/tools/bin/../lib/gcc/arm-none-eabi/14.2.1/../../../../arm-none-eabi/lib/thumb/v8-m.main+fp/hard/libc_nano.a(libc_a-cxa_atexit.o)
                0x0000616c                __cxa_atexit
 .text._free_r  0x00006188       0x94 /Applications/MCUXpressoIDE_25.6.136/ide/plugins/com.nxp.mcuxpresso.tools.macosx_25.6.0.202501151204/tools/bin/../lib/gcc/arm-none-eabi/14.2.1/../../../../arm-none-eabi/lib/thumb/v8-m.main+fp/hard/libc_nano.a(libc_a-freer.o)
                0x00006188                _free_r
 .text.__sflush_r
                0x0000621c      0x100 /Applications/MCUXpressoIDE_25.6.136/ide/plugins/com.nxp.mcuxpresso.tools.macosx_25.6.0.202501151204/tools/bin/../lib/gcc/arm-none-eabi/14.2.1/../../../../arm-none-eabi/lib/thumb/v8-m.main+fp/hard/libc_nano.a(libc_a-fflush.o)
                0x0000621c                __sflush_r
 .text._lseek_r
                0x0000631c       0x24 /Applications/MCUXpressoIDE_25.6.136/ide/plugins/com.nxp.mcuxpresso.tools.macosx_25.6.0.202501151204/tools/bin/../lib/gcc/arm-none-eabi/14.2.1/../../../../arm-none-eabi/lib/thumb/v8-m.main+fp/hard/libc_nano.a(libc_a-lseekr.o)
                0x0000631c                _lseek_r
 .text._read_r  0x00006340       0x24 /Applications/MCUXpressoIDE_25.6.136/ide/plugins/com.nxp.mcuxpresso.tools.macosx_25.6.0.202501151204/tools/bin/../lib/gcc/arm-none-eabi/14.2.1/../../../../arm-none-eabi/lib/thumb/v8-m.main+fp/hard/libc_nano.a(libc_a-readr.o)
                0x00006340                _read_r
 .text._write_r
                0x00006364       0x24 /Applications/MCUXpressoIDE_25.6.136/ide/plugins/com.nxp.mcuxpresso.tools.macosx_25.6.0.202501151204/tools/bin/../lib/gcc/arm-none-eabi/14.2.1/../../../../arm-none-eabi/lib/thumb/v8-m.main+fp/hard/libc_nano.a(libc_a-writer.o)
                0x00006364                _write_r
 .text._close_r
                0x00006388       0x20 /Applications/MCUXpressoIDE_25.6.136/ide/plugins/com.nxp.mcuxpresso.tools.macosx_25.6.0.202501151204/tools/bin/../lib/gcc/arm-none-eabi/14.2.1/../../../../arm-none-eabi/lib/thumb/v8-m.main+fp/hard/libc_nano.a(libc_a-closer.o)
                0x00006388                _close_r
 .text._ZSt15get_new_handlerv
                0x000063a8        0xc /Applications/MCUXpressoIDE_25.6.136/ide/plugins/com.nxp.mcuxpresso.tools.macosx_25.6.0.202501151204/tools/bin/../lib/gcc/arm-none-eabi/14.2.1/../../../../arm-none-eabi/lib/thumb/v8-m.main+fp/hard/libstdc++_nano.a(new_handler.o)
                0x000063a8                std::get_new_handler()
 .text._sbrk    0x000063b4       0x3c /Applications/MCUXpressoIDE_25.6.136/ide/plugins/com.nxp.mcuxpresso.tools.macosx_25.6.0.202501151204/tools/bin/../lib/gcc/arm-none-eabi/14.2.1/../../../../arm-none-eabi/lib/thumb/v8-m.main+fp/hard/libcr_newlib_semihost.a(_cr_sbrk.o)
                0x000063b4                _sbrk
 .text.initialise_monitor_handles.part.0
                0x000063f0       0xa4 /Applications/MCUXpressoIDE_25.6.136/ide/plugins/com.nxp.mcuxpresso.tools.macosx_25.6.0.202501151204/tools/bin/../lib/gcc/arm-none-eabi/14.2.1/../../../../arm-none-eabi/lib/thumb/v8-m.main+fp/hard/libcr_newlib_semihost.a(syscalls.o)
 .text.findslot
                0x00006494       0x30 /Applications/MCUXpressoIDE_25.6.136/ide/plugins/com.nxp.mcuxpresso.tools.macosx_25.6.0.202501151204/tools/bin/../lib/gcc/arm-none-eabi/14.2.1/../../../../arm-none-eabi/lib/thumb/v8-m.main+fp/hard/libcr_newlib_semihost.a(syscalls.o)
 .text._close   0x000064c4       0x4c /Applications/MCUXpressoIDE_25.6.136/ide/plugins/com.nxp.mcuxpresso.tools.macosx_25.6.0.202501151204/tools/bin/../lib/gcc/arm-none-eabi/14.2.1/../../../../arm-none-eabi/lib/thumb/v8-m.main+fp/hard/libcr_newlib_semihost.a(syscalls.o)
                0x000064c4                _close
 .text.__check_heap_overflow
                0x00006510       0x18 /Applications/MCUXpressoIDE_25.6.136/ide/plugins/com.nxp.mcuxpresso.tools.macosx_25.6.0.202501151204/tools/bin/../lib/gcc/arm-none-eabi/14.2.1/../../../../arm-none-eabi/lib/thumb/v8-m.main+fp/hard/libcr_newlib_semihost.a(_cr_check_heap.o)
                0x00006510                __check_heap_overflow
 .text.register_tm_clones
                0x00006528       0x28 /Applications/MCUXpressoIDE_25.6.136/ide/plugins/com.nxp.mcuxpresso.tools.macosx_25.6.0.202501151204/tools/bin/../lib/gcc/arm-none-eabi/14.2.1/thumb/v8-m.main+fp/hard/crtbegin.o
 .text.frame_dummy
                0x00006550       0x24 /Applications/MCUXpressoIDE_25.6.136/ide/plugins/com.nxp.mcuxpresso.tools.macosx_25.6.0.202501151204/tools/bin/../lib/gcc/arm-none-eabi/14.2.1/thumb/v8-m.main+fp/hard/crtbegin.o
 .text          0x00006574      0x424 /Applications/MCUXpressoIDE_25.6.136/ide/plugins/com.nxp.mcuxpresso.tools.macosx_25.6.0.202501151204/tools/bin/../lib/gcc/arm-none-eabi/14.2.1/thumb/v8-m.main+fp/hard/libgcc.a(_arm_muldivdf3.o)
                0x00006574                __aeabi_dmul
                0x00006574                __muldf3
                0x000067c8                __aeabi_ddiv
                0x000067c8                __divdf3
 .text          0x00006998      0x110 /Applications/MCUXpressoIDE_25.6.136/ide/plugins/com.nxp.mcuxpresso.tools.macosx_25.6.0.202501151204/tools/bin/../lib/gcc/arm-none-eabi/14.2.1/thumb/v8-m.main+fp/hard/libgcc.a(_arm_cmpdf2.o)
                0x00006998                __gedf2
                0x00006998                __gtdf2
                0x000069a0                __ledf2
                0x000069a0                __ltdf2
                0x000069a8                __cmpdf2
                0x000069a8                __eqdf2
                0x000069a8                __nedf2
                0x00006a24                __aeabi_cdrcmple
                0x00006a34                __aeabi_cdcmple
                0x00006a34                __aeabi_cdcmpeq
                0x00006a44                __aeabi_dcmpeq
                0x00006a58                __aeabi_dcmplt
                0x00006a6c                __aeabi_dcmple
                0x00006a80                __aeabi_dcmpge
                0x00006a94                __aeabi_dcmpgt
 .text          0x00006aa8       0x2c /Applications/MCUXpressoIDE_25.6.136/ide/plugins/com.nxp.mcuxpresso.tools.macosx_25.6.0.202501151204/tools/bin/../lib/gcc/arm-none-eabi/14.2.1/thumb/v8-m.main+fp/hard/libgcc.a(_arm_unorddf2.o)
                0x00006aa8                __aeabi_dcmpun
                0x00006aa8                __unorddf2
 .text          0x00006ad4       0x50 /Applications/MCUXpressoIDE_25.6.136/ide/plugins/com.nxp.mcuxpresso.tools.macosx_25.6.0.202501151204/tools/bin/../lib/gcc/arm-none-eabi/14.2.1/thumb/v8-m.main+fp/hard/libgcc.a(_arm_fixdfsi.o)
                0x00006ad4                __fixdfsi
                0x00006ad4                __aeabi_d2iz
 .text          0x00006b24       0xa0 /Applications/MCUXpressoIDE_25.6.136/ide/plugins/com.nxp.mcuxpresso.tools.macosx_25.6.0.202501151204/tools/bin/../lib/gcc/arm-none-eabi/14.2.1/thumb/v8-m.main+fp/hard/libgcc.a(_arm_truncdfsf2.o)
                0x00006b24                __aeabi_d2f
                0x00006b24                __truncdfsf2
 .text.__fixdfdi
                0x00006bc4       0x30 /Applications/MCUXpressoIDE_25.6.136/ide/plugins/com.nxp.mcuxpresso.tools.macosx_25.6.0.202501151204/tools/bin/../lib/gcc/arm-none-eabi/14.2.1/thumb/v8-m.main+fp/hard/libgcc.a(_fixdfdi.o)
                0x00006bc4                __aeabi_d2lz
                0x00006bc4                __fixdfdi
 .text.__fixunsdfdi
                0x00006bf4       0x3c /Applications/MCUXpressoIDE_25.6.136/ide/plugins/com.nxp.mcuxpresso.tools.macosx_25.6.0.202501151204/tools/bin/../lib/gcc/arm-none-eabi/14.2.1/thumb/v8-m.main+fp/hard/libgcc.a(_fixunsdfdi.o)
                0x00006bf4                __aeabi_d2ulz
                0x00006bf4                __fixunsdfdi
 .text.raise    0x00006c30       0x10 /Applications/MCUXpressoIDE_25.6.136/ide/plugins/com.nxp.mcuxpresso.tools.macosx_25.6.0.202501151204/tools/bin/../lib/gcc/arm-none-eabi/14.2.1/../../../../arm-none-eabi/lib/thumb/v8-m.main+fp/hard/libc_nano.a(libc_a-signal.o)
                0x00006c30                raise
 .text._kill_r  0x00006c40       0x24 /Applications/MCUXpressoIDE_25.6.136/ide/plugins/com.nxp.mcuxpresso.tools.macosx_25.6.0.202501151204/tools/bin/../lib/gcc/arm-none-eabi/14.2.1/../../../../arm-none-eabi/lib/thumb/v8-m.main+fp/hard/libc_nano.a(libc_a-signalr.o)
                0x00006c40                _kill_r
 .text._kill    0x00006c64       0x20 /Applications/MCUXpressoIDE_25.6.136/ide/plugins/com.nxp.mcuxpresso.tools.macosx_25.6.0.202501151204/tools/bin/../lib/gcc/arm-none-eabi/14.2.1/../../../../arm-none-eabi/lib/thumb/v8-m.main+fp/hard/libcr_newlib_semihost.a(_kill.o)
                0x00006c64                _kill
 .text.GPIO0_IRQHandler
                0x00006c84        0xe ./_r01lib_irq/irq.o
                0x00006c84                GPIO0_IRQHandler
 .text.GPIO1_IRQHandler
                0x00006c92        0xe ./_r01lib_irq/irq.o
                0x00006c92                GPIO1_IRQHandler
 .text.GPIO2_IRQHandler
                0x00006ca0        0xe ./_r01lib_irq/irq.o
                0x00006ca0                GPIO2_IRQHandler
 .text.GPIO3_IRQHandler
                0x00006cae        0xe ./_r01lib_irq/irq.o
                0x00006cae                GPIO3_IRQHandler
 .text.CLOCK_AttachClk
                0x00006cbc       0x30 /Users/tedd/dev/mcuxpresso/__arduino_if/_r01lib_frdm_mcxa156/Debug/lib_r01lib_frdm_mcxa156.a(fsl_clock.o)
                0x00006cbc                CLOCK_AttachClk
 .text.GPIO_PinWrite
                0x00006cec       0x36 /Users/tedd/dev/mcuxpresso/__arduino_if/_r01lib_frdm_mcxa156/Debug/lib_r01lib_frdm_mcxa156.a(fsl_gpio.o)
 .text.GPIO_GpioGetInterruptFlags
                0x00006d22       0x1a /Users/tedd/dev/mcuxpresso/__arduino_if/_r01lib_frdm_mcxa156/Debug/lib_r01lib_frdm_mcxa156.a(fsl_gpio.o)
                0x00006d22                GPIO_GpioGetInterruptFlags
 .text.GPIO_GpioClearInterruptFlags
                0x00006d3c       0x1e /Users/tedd/dev/mcuxpresso/__arduino_if/_r01lib_frdm_mcxa156/Debug/lib_r01lib_frdm_mcxa156.a(fsl_gpio.o)
                0x00006d3c                GPIO_GpioClearInterruptFlags
 .text.RESET_PeripheralReset
                0x00006d5a       0x22 /Users/tedd/dev/mcuxpresso/__arduino_if/_r01lib_frdm_mcxa156/Debug/lib_r01lib_frdm_mcxa156.a(fsl_reset.o)
                0x00006d5a                RESET_PeripheralReset
 .text.UTICK_ClearStatusFlags
                0x00006d7c       0x1a /Users/tedd/dev/mcuxpresso/__arduino_if/_r01lib_frdm_mcxa156/Debug/lib_r01lib_frdm_mcxa156.a(fsl_utick.o)
                0x00006d7c                UTICK_ClearStatusFlags
 .text.UTICK_HandleIRQ
                0x00006d96       0x22 /Users/tedd/dev/mcuxpresso/__arduino_if/_r01lib_frdm_mcxa156/Debug/lib_r01lib_frdm_mcxa156.a(fsl_utick.o)
                0x00006d96                UTICK_HandleIRQ
 .text.SystemInitHook
                0x00006db8        0xe /Users/tedd/dev/mcuxpresso/__arduino_if/_r01lib_frdm_mcxa156/Debug/lib_r01lib_frdm_mcxa156.a(system_MCXA156.o)
                0x00006db8                SystemInitHook
 .text.DbgConsole_Init
                0x00006dc6       0x20 /Users/tedd/dev/mcuxpresso/__arduino_if/_r01lib_frdm_mcxa156/Debug/lib_r01lib_frdm_mcxa156.a(board.o)
 .text.BOARD_InitBootClocks
                0x00006de6        0xc /Users/tedd/dev/mcuxpresso/__arduino_if/_r01lib_frdm_mcxa156/Debug/lib_r01lib_frdm_mcxa156.a(clock_config.o)
                0x00006de6                BOARD_InitBootClocks
 .text.RESET_ReleasePeripheralReset
                0x00006df2       0x1a /Users/tedd/dev/mcuxpresso/__arduino_if/_r01lib_frdm_mcxa156/Debug/lib_r01lib_frdm_mcxa156.a(pin_mux.o)
 .text.PORT_SetPinMux
                0x00006e0c       0x3e /Users/tedd/dev/mcuxpresso/__arduino_if/_r01lib_frdm_mcxa156/Debug/lib_r01lib_frdm_mcxa156.a(pin_mux.o)
 .text.fsl_assert_hook
                0x00006e4a       0x1a /Users/tedd/dev/mcuxpresso/__arduino_if/_r01lib_frdm_mcxa156/Debug/lib_r01lib_frdm_mcxa156.a(fsl_assert.o)
                0x00006e4a                fsl_assert_hook
 .text.SPC_GetActiveModeBandgapMode
                0x00006e64       0x22 /Users/tedd/dev/mcuxpresso/__arduino_if/_r01lib_frdm_mcxa156/Debug/lib_r01lib_frdm_mcxa156.a(fsl_spc.o)
 .text.SPC_GetActiveModeVoltageDetectStatus
                0x00006e86       0x22 /Users/tedd/dev/mcuxpresso/__arduino_if/_r01lib_frdm_mcxa156/Debug/lib_r01lib_frdm_mcxa156.a(fsl_spc.o)
 .text.SPC_GetActiveModeCoreLDOVDDVoltageLevel
                0x00006ea8       0x22 /Users/tedd/dev/mcuxpresso/__arduino_if/_r01lib_frdm_mcxa156/Debug/lib_r01lib_frdm_mcxa156.a(fsl_spc.o)
 .text.SPC_GetActiveModeCoreLDODriveStrength
                0x00006eca       0x22 /Users/tedd/dev/mcuxpresso/__arduino_if/_r01lib_frdm_mcxa156/Debug/lib_r01lib_frdm_mcxa156.a(fsl_spc.o)
 .text.SPC_SetActiveModeCoreLDORegulatorVoltageLevel
                0x00006eec       0x60 /Users/tedd/dev/mcuxpresso/__arduino_if/_r01lib_frdm_mcxa156/Debug/lib_r01lib_frdm_mcxa156.a(fsl_spc.o)
                0x00006eec                SPC_SetActiveModeCoreLDORegulatorVoltageLevel
 .text.SPC_SetActiveModeCoreLDORegulatorDriveStrength
                0x00006f4c       0x5e /Users/tedd/dev/mcuxpresso/__arduino_if/_r01lib_frdm_mcxa156/Debug/lib_r01lib_frdm_mcxa156.a(fsl_spc.o)
                0x00006f4c                SPC_SetActiveModeCoreLDORegulatorDriveStrength
 .text.__cvt    0x00006faa       0xca /Applications/MCUXpressoIDE_25.6.136/ide/plugins/com.nxp.mcuxpresso.tools.macosx_25.6.0.202501151204/tools/bin/../lib/gcc/arm-none-eabi/14.2.1/../../../../arm-none-eabi/lib/thumb/v8-m.main+fp/hard/libc_nano.a(libc_a-nano-vfprintf_float.o)
                0x00006faa                __cvt
 .text.__exponent
                0x00007074       0x72 /Applications/MCUXpressoIDE_25.6.136/ide/plugins/com.nxp.mcuxpresso.tools.macosx_25.6.0.202501151204/tools/bin/../lib/gcc/arm-none-eabi/14.2.1/../../../../arm-none-eabi/lib/thumb/v8-m.main+fp/hard/libc_nano.a(libc_a-nano-vfprintf_float.o)
                0x00007074                __exponent
 .text._printf_common
                0x000070e6       0xe4 /Applications/MCUXpressoIDE_25.6.136/ide/plugins/com.nxp.mcuxpresso.tools.macosx_25.6.0.202501151204/tools/bin/../lib/gcc/arm-none-eabi/14.2.1/../../../../arm-none-eabi/lib/thumb/v8-m.main+fp/hard/libc_nano.a(libc_a-nano-vfprintf_i.o)
                0x000070e6                _printf_common
 .text.sulp     0x000071ca       0x3c /Applications/MCUXpressoIDE_25.6.136/ide/plugins/com.nxp.mcuxpresso.tools.macosx_25.6.0.202501151204/tools/bin/../lib/gcc/arm-none-eabi/14.2.1/../../../../arm-none-eabi/lib/thumb/v8-m.main+fp/hard/libc_nano.a(libc_a-strtod.o)
 .text._strtol_r
                0x00007206        0x4 /Applications/MCUXpressoIDE_25.6.136/ide/plugins/com.nxp.mcuxpresso.tools.macosx_25.6.0.202501151204/tools/bin/../lib/gcc/arm-none-eabi/14.2.1/../../../../arm-none-eabi/lib/thumb/v8-m.main+fp/hard/libc_nano.a(libc_a-strtol.o)
                0x00007206                _strtol_r
 .text.strncmp  0x0000720a       0x24 /Applications/MCUXpressoIDE_25.6.136/ide/plugins/com.nxp.mcuxpresso.tools.macosx_25.6.0.202501151204/tools/bin/../lib/gcc/arm-none-eabi/14.2.1/../../../../arm-none-eabi/lib/thumb/v8-m.main+fp/hard/libc_nano.a(libc_a-strncmp.o)
                0x0000720a                strncmp
 .text.__aeabi_atexit
                0x0000722e        0xa /Applications/MCUXpressoIDE_25.6.136/ide/plugins/com.nxp.mcuxpresso.tools.macosx_25.6.0.202501151204/tools/bin/../lib/gcc/arm-none-eabi/14.2.1/../../../../arm-none-eabi/lib/thumb/v8-m.main+fp/hard/libc_nano.a(libc_a-aeabi_atexit.o)
                0x0000722e                __aeabi_atexit
 .text.memchr   0x00007238       0x1c /Applications/MCUXpressoIDE_25.6.136/ide/plugins/com.nxp.mcuxpresso.tools.macosx_25.6.0.202501151204/tools/bin/../lib/gcc/arm-none-eabi/14.2.1/../../../../arm-none-eabi/lib/thumb/v8-m.main+fp/hard/libc_nano.a(libc_a-memchr-stub.o)
                0x00007238                memchr
 .text.memcpy   0x00007254       0x1a /Applications/MCUXpressoIDE_25.6.136/ide/plugins/com.nxp.mcuxpresso.tools.macosx_25.6.0.202501151204/tools/bin/../lib/gcc/arm-none-eabi/14.2.1/../../../../arm-none-eabi/lib/thumb/v8-m.main+fp/hard/libc_nano.a(libc_a-memcpy-stub.o)
                0x00007254                memcpy
 .text          0x0000726e       0x10 /Applications/MCUXpressoIDE_25.6.136/ide/plugins/com.nxp.mcuxpresso.tools.macosx_25.6.0.202501151204/tools/bin/../lib/gcc/arm-none-eabi/14.2.1/../../../../arm-none-eabi/lib/thumb/v8-m.main+fp/hard/libc_nano.a(libc_a-strlen.o)
                0x0000726e                strlen
 .text.quorem   0x0000727e      0x11a /Applications/MCUXpressoIDE_25.6.136/ide/plugins/com.nxp.mcuxpresso.tools.macosx_25.6.0.202501151204/tools/bin/../lib/gcc/arm-none-eabi/14.2.1/../../../../arm-none-eabi/lib/thumb/v8-m.main+fp/hard/libc_nano.a(libc_a-dtoa.o)
 .text.rshift   0x00007398       0xa2 /Applications/MCUXpressoIDE_25.6.136/ide/plugins/com.nxp.mcuxpresso.tools.macosx_25.6.0.202501151204/tools/bin/../lib/gcc/arm-none-eabi/14.2.1/../../../../arm-none-eabi/lib/thumb/v8-m.main+fp/hard/libc_nano.a(libc_a-gdtoa-gethex.o)
 .text.__hexdig_fun
                0x0000743a       0x2a /Applications/MCUXpressoIDE_25.6.136/ide/plugins/com.nxp.mcuxpresso.tools.macosx_25.6.0.202501151204/tools/bin/../lib/gcc/arm-none-eabi/14.2.1/../../../../arm-none-eabi/lib/thumb/v8-m.main+fp/hard/libc_nano.a(libc_a-gdtoa-gethex.o)
                0x0000743a                __hexdig_fun
 .text.L_shift  0x00007464       0x24 /Applications/MCUXpressoIDE_25.6.136/ide/plugins/com.nxp.mcuxpresso.tools.macosx_25.6.0.202501151204/tools/bin/../lib/gcc/arm-none-eabi/14.2.1/../../../../arm-none-eabi/lib/thumb/v8-m.main+fp/hard/libc_nano.a(libc_a-gdtoa-hexnan.o)
 .text.__match  0x00007488       0x28 /Applications/MCUXpressoIDE_25.6.136/ide/plugins/com.nxp.mcuxpresso.tools.macosx_25.6.0.202501151204/tools/bin/../lib/gcc/arm-none-eabi/14.2.1/../../../../arm-none-eabi/lib/thumb/v8-m.main+fp/hard/libc_nano.a(libc_a-gdtoa-hexnan.o)
                0x00007488                __match
 .text.__hexnan
                0x000074b0      0x13a /Applications/MCUXpressoIDE_25.6.136/ide/plugins/com.nxp.mcuxpresso.tools.macosx_25.6.0.202501151204/tools/bin/../lib/gcc/arm-none-eabi/14.2.1/../../../../arm-none-eabi/lib/thumb/v8-m.main+fp/hard/libc_nano.a(libc_a-gdtoa-hexnan.o)
                0x000074b0                __hexnan
 .text.__ssputs_r
                0x000075ea       0xc0 /Applications/MCUXpressoIDE_25.6.136/ide/plugins/com.nxp.mcuxpresso.tools.macosx_25.6.0.202501151204/tools/bin/../lib/gcc/arm-none-eabi/14.2.1/../../../../arm-none-eabi/lib/thumb/v8-m.main+fp/hard/libc_nano.a(libc_a-nano-svfprintf.o)
                0x000075ea                __ssputs_r
 .text.__sfputc_r
                0x000076aa       0x2e /Applications/MCUXpressoIDE_25.6.136/ide/plugins/com.nxp.mcuxpresso.tools.macosx_25.6.0.202501151204/tools/bin/../lib/gcc/arm-none-eabi/14.2.1/../../../../arm-none-eabi/lib/thumb/v8-m.main+fp/hard/libc_nano.a(libc_a-nano-vfprintf.o)
 .text.__sfputs_r
                0x000076d8       0x24 /Applications/MCUXpressoIDE_25.6.136/ide/plugins/com.nxp.mcuxpresso.tools.macosx_25.6.0.202501151204/tools/bin/../lib/gcc/arm-none-eabi/14.2.1/../../../../arm-none-eabi/lib/thumb/v8-m.main+fp/hard/libc_nano.a(libc_a-nano-vfprintf.o)
                0x000076d8                __sfputs_r
 .text.__ascii_mbtowc
                0x000076fc       0x24 /Applications/MCUXpressoIDE_25.6.136/ide/plugins/com.nxp.mcuxpresso.tools.macosx_25.6.0.202501151204/tools/bin/../lib/gcc/arm-none-eabi/14.2.1/../../../../arm-none-eabi/lib/thumb/v8-m.main+fp/hard/libc_nano.a(libc_a-mbtowc_r.o)
                0x000076fc                __ascii_mbtowc
 .text.__hi0bits
                0x00007720       0x3e /Applications/MCUXpressoIDE_25.6.136/ide/plugins/com.nxp.mcuxpresso.tools.macosx_25.6.0.202501151204/tools/bin/../lib/gcc/arm-none-eabi/14.2.1/../../../../arm-none-eabi/lib/thumb/v8-m.main+fp/hard/libc_nano.a(libc_a-mprec.o)
                0x00007720                __hi0bits
 .text.__lo0bits
                0x0000775e       0x5a /Applications/MCUXpressoIDE_25.6.136/ide/plugins/com.nxp.mcuxpresso.tools.macosx_25.6.0.202501151204/tools/bin/../lib/gcc/arm-none-eabi/14.2.1/../../../../arm-none-eabi/lib/thumb/v8-m.main+fp/hard/libc_nano.a(libc_a-mprec.o)
                0x0000775e                __lo0bits
 .text.__mcmp   0x000077b8       0x36 /Applications/MCUXpressoIDE_25.6.136/ide/plugins/com.nxp.mcuxpresso.tools.macosx_25.6.0.202501151204/tools/bin/../lib/gcc/arm-none-eabi/14.2.1/../../../../arm-none-eabi/lib/thumb/v8-m.main+fp/hard/libc_nano.a(libc_a-mprec.o)
                0x000077b8                __mcmp
 .text.__ratio  0x000077ee       0x64 /Applications/MCUXpressoIDE_25.6.136/ide/plugins/com.nxp.mcuxpresso.tools.macosx_25.6.0.202501151204/tools/bin/../lib/gcc/arm-none-eabi/14.2.1/../../../../arm-none-eabi/lib/thumb/v8-m.main+fp/hard/libc_nano.a(libc_a-mprec.o)
                0x000077ee                __ratio
 .text.__copybits
                0x00007852       0x46 /Applications/MCUXpressoIDE_25.6.136/ide/plugins/com.nxp.mcuxpresso.tools.macosx_25.6.0.202501151204/tools/bin/../lib/gcc/arm-none-eabi/14.2.1/../../../../arm-none-eabi/lib/thumb/v8-m.main+fp/hard/libc_nano.a(libc_a-mprec.o)
                0x00007852                __copybits
 .text.__any_on
                0x00007898       0x42 /Applications/MCUXpressoIDE_25.6.136/ide/plugins/com.nxp.mcuxpresso.tools.macosx_25.6.0.202501151204/tools/bin/../lib/gcc/arm-none-eabi/14.2.1/../../../../arm-none-eabi/lib/thumb/v8-m.main+fp/hard/libc_nano.a(libc_a-mprec.o)
                0x00007898                __any_on
 .text._realloc_r
                0x000078da       0x5c /Applications/MCUXpressoIDE_25.6.136/ide/plugins/com.nxp.mcuxpresso.tools.macosx_25.6.0.202501151204/tools/bin/../lib/gcc/arm-none-eabi/14.2.1/../../../../arm-none-eabi/lib/thumb/v8-m.main+fp/hard/libc_nano.a(libc_a-reallocr.o)
                0x000078da                _realloc_r
 .text.__swbuf_r
                0x00007936       0x7c /Applications/MCUXpressoIDE_25.6.136/ide/plugins/com.nxp.mcuxpresso.tools.macosx_25.6.0.202501151204/tools/bin/../lib/gcc/arm-none-eabi/14.2.1/../../../../arm-none-eabi/lib/thumb/v8-m.main+fp/hard/libc_nano.a(libc_a-wbuf.o)
                0x00007936                __swbuf_r
 .text._fwalk_sglue
                0x000079b2       0x3c /Applications/MCUXpressoIDE_25.6.136/ide/plugins/com.nxp.mcuxpresso.tools.macosx_25.6.0.202501151204/tools/bin/../lib/gcc/arm-none-eabi/14.2.1/../../../../arm-none-eabi/lib/thumb/v8-m.main+fp/hard/libc_nano.a(libc_a-fwalk.o)
                0x000079b2                _fwalk_sglue
 .text.__ascii_wctomb
                0x000079ee       0x1a /Applications/MCUXpressoIDE_25.6.136/ide/plugins/com.nxp.mcuxpresso.tools.macosx_25.6.0.202501151204/tools/bin/../lib/gcc/arm-none-eabi/14.2.1/../../../../arm-none-eabi/lib/thumb/v8-m.main+fp/hard/libc_nano.a(libc_a-wctomb_r.o)
                0x000079ee                __ascii_wctomb
 .text.__swhatbuf_r
                0x00007a08       0x48 /Applications/MCUXpressoIDE_25.6.136/ide/plugins/com.nxp.mcuxpresso.tools.macosx_25.6.0.202501151204/tools/bin/../lib/gcc/arm-none-eabi/14.2.1/../../../../arm-none-eabi/lib/thumb/v8-m.main+fp/hard/libc_nano.a(libc_a-makebuf.o)
                0x00007a08                __swhatbuf_r
 .text.__smakebuf_r
                0x00007a50       0x72 /Applications/MCUXpressoIDE_25.6.136/ide/plugins/com.nxp.mcuxpresso.tools.macosx_25.6.0.202501151204/tools/bin/../lib/gcc/arm-none-eabi/14.2.1/../../../../arm-none-eabi/lib/thumb/v8-m.main+fp/hard/libc_nano.a(libc_a-makebuf.o)
                0x00007a50                __smakebuf_r
 .text.memmove  0x00007ac2       0x32 /Applications/MCUXpressoIDE_25.6.136/ide/plugins/com.nxp.mcuxpresso.tools.macosx_25.6.0.202501151204/tools/bin/../lib/gcc/arm-none-eabi/14.2.1/../../../../arm-none-eabi/lib/thumb/v8-m.main+fp/hard/libc_nano.a(libc_a-memmove.o)
                0x00007ac2                memmove
 .text.memset   0x00007af4       0x10 /Applications/MCUXpressoIDE_25.6.136/ide/plugins/com.nxp.mcuxpresso.tools.macosx_25.6.0.202501151204/tools/bin/../lib/gcc/arm-none-eabi/14.2.1/../../../../arm-none-eabi/lib/thumb/v8-m.main+fp/hard/libc_nano.a(libc_a-memset.o)
                0x00007af4                memset
 .text.__retarget_lock_init_recursive
                0x00007b04        0x2 /Applications/MCUXpressoIDE_25.6.136/ide/plugins/com.nxp.mcuxpresso.tools.macosx_25.6.0.202501151204/tools/bin/../lib/gcc/arm-none-eabi/14.2.1/../../../../arm-none-eabi/lib/thumb/v8-m.main+fp/hard/libc_nano.a(libc_a-lock.o)
                0x00007b04                __retarget_lock_init_recursive
 .text.__retarget_lock_acquire_recursive
                0x00007b06        0x2 /Applications/MCUXpressoIDE_25.6.136/ide/plugins/com.nxp.mcuxpresso.tools.macosx_25.6.0.202501151204/tools/bin/../lib/gcc/arm-none-eabi/14.2.1/../../../../arm-none-eabi/lib/thumb/v8-m.main+fp/hard/libc_nano.a(libc_a-lock.o)
                0x00007b06                __retarget_lock_acquire_recursive
 .text.__retarget_lock_release_recursive
                0x00007b08        0x2 /Applications/MCUXpressoIDE_25.6.136/ide/plugins/com.nxp.mcuxpresso.tools.macosx_25.6.0.202501151204/tools/bin/../lib/gcc/arm-none-eabi/14.2.1/../../../../arm-none-eabi/lib/thumb/v8-m.main+fp/hard/libc_nano.a(libc_a-lock.o)
                0x00007b08                __retarget_lock_release_recursive
 .text._calloc_r
                0x00007b0a       0x28 /Applications/MCUXpressoIDE_25.6.136/ide/plugins/com.nxp.mcuxpresso.tools.macosx_25.6.0.202501151204/tools/bin/../lib/gcc/arm-none-eabi/14.2.1/../../../../arm-none-eabi/lib/thumb/v8-m.main+fp/hard/libc_nano.a(libc_a-callocr.o)
                0x00007b0a                _calloc_r
 .text._fflush_r
                0x00007b32       0x50 /Applications/MCUXpressoIDE_25.6.136/ide/plugins/com.nxp.mcuxpresso.tools.macosx_25.6.0.202501151204/tools/bin/../lib/gcc/arm-none-eabi/14.2.1/../../../../arm-none-eabi/lib/thumb/v8-m.main+fp/hard/libc_nano.a(libc_a-fflush.o)
                0x00007b32                _fflush_r
 .text._malloc_usable_size_r
                0x00007b82       0x10 /Applications/MCUXpressoIDE_25.6.136/ide/plugins/com.nxp.mcuxpresso.tools.macosx_25.6.0.202501151204/tools/bin/../lib/gcc/arm-none-eabi/14.2.1/../../../../arm-none-eabi/lib/thumb/v8-m.main+fp/hard/libc_nano.a(libc_a-msizer.o)
                0x00007b82                _malloc_usable_size_r
 .text.__sread  0x00007b92       0x22 /Applications/MCUXpressoIDE_25.6.136/ide/plugins/com.nxp.mcuxpresso.tools.macosx_25.6.0.202501151204/tools/bin/../lib/gcc/arm-none-eabi/14.2.1/../../../../arm-none-eabi/lib/thumb/v8-m.main+fp/hard/libc_nano.a(libc_a-stdio.o)
                0x00007b92                __sread
 .text.__swrite
                0x00007bb4       0x38 /Applications/MCUXpressoIDE_25.6.136/ide/plugins/com.nxp.mcuxpresso.tools.macosx_25.6.0.202501151204/tools/bin/../lib/gcc/arm-none-eabi/14.2.1/../../../../arm-none-eabi/lib/thumb/v8-m.main+fp/hard/libc_nano.a(libc_a-stdio.o)
                0x00007bb4                __swrite
 .text.__sseek  0x00007bec       0x26 /Applications/MCUXpressoIDE_25.6.136/ide/plugins/com.nxp.mcuxpresso.tools.macosx_25.6.0.202501151204/tools/bin/../lib/gcc/arm-none-eabi/14.2.1/../../../../arm-none-eabi/lib/thumb/v8-m.main+fp/hard/libc_nano.a(libc_a-stdio.o)
                0x00007bec                __sseek
 .text.__sclose
                0x00007c12        0x8 /Applications/MCUXpressoIDE_25.6.136/ide/plugins/com.nxp.mcuxpresso.tools.macosx_25.6.0.202501151204/tools/bin/../lib/gcc/arm-none-eabi/14.2.1/../../../../arm-none-eabi/lib/thumb/v8-m.main+fp/hard/libc_nano.a(libc_a-stdio.o)
                0x00007c12                __sclose
 .text._ZdlPvj  0x00007c1a        0x4 /Applications/MCUXpressoIDE_25.6.136/ide/plugins/com.nxp.mcuxpresso.tools.macosx_25.6.0.202501151204/tools/bin/../lib/gcc/arm-none-eabi/14.2.1/../../../../arm-none-eabi/lib/thumb/v8-m.main+fp/hard/libstdc++_nano.a(del_ops.o)
                0x00007c1a                operator delete(void*, unsigned int)
 .text._Znwj    0x00007c1e       0x22 /Applications/MCUXpressoIDE_25.6.136/ide/plugins/com.nxp.mcuxpresso.tools.macosx_25.6.0.202501151204/tools/bin/../lib/gcc/arm-none-eabi/14.2.1/../../../../arm-none-eabi/lib/thumb/v8-m.main+fp/hard/libstdc++_nano.a(new_op.o)
                0x00007c1e                operator new(unsigned int)
 .text._ZStL25local_Rb_tree_rotate_leftPSt18_Rb_tree_node_baseRS0_
                0x00007c40       0x2a /Applications/MCUXpressoIDE_25.6.136/ide/plugins/com.nxp.mcuxpresso.tools.macosx_25.6.0.202501151204/tools/bin/../lib/gcc/arm-none-eabi/14.2.1/../../../../arm-none-eabi/lib/thumb/v8-m.main+fp/hard/libstdc++_nano.a(tree.o)
 .text._ZStL26local_Rb_tree_rotate_rightPSt18_Rb_tree_node_baseRS0_
                0x00007c6a       0x2a /Applications/MCUXpressoIDE_25.6.136/ide/plugins/com.nxp.mcuxpresso.tools.macosx_25.6.0.202501151204/tools/bin/../lib/gcc/arm-none-eabi/14.2.1/../../../../arm-none-eabi/lib/thumb/v8-m.main+fp/hard/libstdc++_nano.a(tree.o)
 .text._ZStL23local_Rb_tree_incrementPSt18_Rb_tree_node_base
                0x00007c94       0x28 /Applications/MCUXpressoIDE_25.6.136/ide/plugins/com.nxp.mcuxpresso.tools.macosx_25.6.0.202501151204/tools/bin/../lib/gcc/arm-none-eabi/14.2.1/../../../../arm-none-eabi/lib/thumb/v8-m.main+fp/hard/libstdc++_nano.a(tree.o)
 .text._ZStL23local_Rb_tree_decrementPSt18_Rb_tree_node_base
                0x00007cbc       0x30 /Applications/MCUXpressoIDE_25.6.136/ide/plugins/com.nxp.mcuxpresso.tools.macosx_25.6.0.202501151204/tools/bin/../lib/gcc/arm-none-eabi/14.2.1/../../../../arm-none-eabi/lib/thumb/v8-m.main+fp/hard/libstdc++_nano.a(tree.o)
 .text._ZSt18_Rb_tree_incrementPSt18_Rb_tree_node_base
                0x00007cec        0x4 /Applications/MCUXpressoIDE_25.6.136/ide/plugins/com.nxp.mcuxpresso.tools.macosx_25.6.0.202501151204/tools/bin/../lib/gcc/arm-none-eabi/14.2.1/../../../../arm-none-eabi/lib/thumb/v8-m.main+fp/hard/libstdc++_nano.a(tree.o)
                0x00007cec                std::_Rb_tree_increment(std::_Rb_tree_node_base*)
 .text._ZSt18_Rb_tree_decrementPSt18_Rb_tree_node_base
                0x00007cf0        0x4 /Applications/MCUXpressoIDE_25.6.136/ide/plugins/com.nxp.mcuxpresso.tools.macosx_25.6.0.202501151204/tools/bin/../lib/gcc/arm-none-eabi/14.2.1/../../../../arm-none-eabi/lib/thumb/v8-m.main+fp/hard/libstdc++_nano.a(tree.o)
                0x00007cf0                std::_Rb_tree_decrement(std::_Rb_tree_node_base*)
 .text._ZSt29_Rb_tree_insert_and_rebalancebPSt18_Rb_tree_node_baseS0_RS_
                0x00007cf4       0xc8 /Applications/MCUXpressoIDE_25.6.136/ide/plugins/com.nxp.mcuxpresso.tools.macosx_25.6.0.202501151204/tools/bin/../lib/gcc/arm-none-eabi/14.2.1/../../../../arm-none-eabi/lib/thumb/v8-m.main+fp/hard/libstdc++_nano.a(tree.o)
                0x00007cf4                std::_Rb_tree_insert_and_rebalance(bool, std::_Rb_tree_node_base*, std::_Rb_tree_node_base*, std::_Rb_tree_node_base&)
 .text._ZdlPv   0x00007dbc        0x4 /Applications/MCUXpressoIDE_25.6.136/ide/plugins/com.nxp.mcuxpresso.tools.macosx_25.6.0.202501151204/tools/bin/../lib/gcc/arm-none-eabi/14.2.1/../../../../arm-none-eabi/lib/thumb/v8-m.main+fp/hard/libstdc++_nano.a(del_op.o)
                0x00007dbc                operator delete(void*)
 .text.error    0x00007dc0       0x1c /Applications/MCUXpressoIDE_25.6.136/ide/plugins/com.nxp.mcuxpresso.tools.macosx_25.6.0.202501151204/tools/bin/../lib/gcc/arm-none-eabi/14.2.1/../../../../arm-none-eabi/lib/thumb/v8-m.main+fp/hard/libcr_newlib_semihost.a(syscalls.o)
 .text.checkerror
                0x00007ddc        0xa /Applications/MCUXpressoIDE_25.6.136/ide/plugins/com.nxp.mcuxpresso.tools.macosx_25.6.0.202501151204/tools/bin/../lib/gcc/arm-none-eabi/14.2.1/../../../../arm-none-eabi/lib/thumb/v8-m.main+fp/hard/libcr_newlib_semihost.a(syscalls.o)
 .text._swiread
                0x00007de6       0x20 /Applications/MCUXpressoIDE_25.6.136/ide/plugins/com.nxp.mcuxpresso.tools.macosx_25.6.0.202501151204/tools/bin/../lib/gcc/arm-none-eabi/14.2.1/../../../../arm-none-eabi/lib/thumb/v8-m.main+fp/hard/libcr_newlib_semihost.a(syscalls.o)
                0x00007de6                _swiread
 .text._read    0x00007e06       0x34 /Applications/MCUXpressoIDE_25.6.136/ide/plugins/com.nxp.mcuxpresso.tools.macosx_25.6.0.202501151204/tools/bin/../lib/gcc/arm-none-eabi/14.2.1/../../../../arm-none-eabi/lib/thumb/v8-m.main+fp/hard/libcr_newlib_semihost.a(syscalls.o)
                0x00007e06                _read
 .text._swilseek