../arduino_layer/arduino_serial.cpp:10:6:void SerialClass::begin(int)	0	static
../arduino_layer/arduino_serial.cpp:11:6:void SerialClass::print(const char*)	0	static
../arduino_layer/arduino_serial.cpp:12:6:void SerialClass::print(int)	0	static
../arduino_layer/arduino_serial.cpp:13:6:void SerialClass::print(unsigned int)	0	static
../arduino_layer/arduino_serial.cpp:14:6:void SerialClass::print(long int)	0	static
../arduino_layer/arduino_serial.cpp:15:6:void SerialClass::print(long unsigned int)	0	static
../arduino_layer/arduino_serial.cpp:16:6:void SerialClass::print(double)	0	static
../arduino_layer/arduino_serial.cpp:17:6:void SerialClass::print(char)	0	static
../arduino_layer/arduino_serial.cpp:18:6:void SerialClass::print(const std::string&)	0	static
../arduino_layer/arduino_serial.cpp:19:6:void SerialClass::print(std::string_view)	8	static
../arduino_layer/arduino_serial.cpp:20:6:void SerialClass::println()	0	static
../arduino_layer/arduino_serial.cpp:21:6:void SerialClass::println(const char*)	8	static
../arduino_layer/arduino_serial.cpp:22:6:void SerialClass::println(int)	8	static
../arduino_layer/arduino_serial.cpp:23:6:void SerialClass::println(unsigned int)	8	static
../arduino_layer/arduino_serial.cpp:24:6:void SerialClass::println(long int)	8	static
../arduino_layer/arduino_serial.cpp:25:6:void SerialClass::println(long unsigned int)	8	static
../arduino_layer/arduino_serial.cpp:26:6:void SerialClass::println(double)	8	static
../arduino_layer/arduino_serial.cpp:27:6:void SerialClass::println(char)	8	static
../arduino_layer/arduino_serial.cpp:28:6:void SerialClass::println(const std::string&)	8	static
../arduino_layer/arduino_serial.cpp:29:6:void SerialClass::println(std::string_view)	16	static
../arduino_layer/arduino_serial.cpp:30:6:void SerialClass::mcu_init_stdio(int)	0	static
